Component: ARM Compiler 5.05 update 1 (build 106) Tool: armlink [4d0efa]

==============================================================================

Section Cross References

    main.o(i.main) refers to system_stm32f10x.o(i.SystemInit) for SystemInit
    main.o(i.main) refers to malloc.o(i.my_mem_init) for my_mem_init
    main.o(i.main) refers to timer.o(i.time7_init) for time7_init
    main.o(i.main) refers to misc.o(i.NVIC_PriorityGroupConfig) for NVIC_PriorityGroupConfig
    main.o(i.main) refers to usart.o(i.USART_Config) for USART_Config
    main.o(i.main) refers to usart2.o(i.usart2_init) for usart2_init
    main.o(i.main) refers to delay.o(i.delay_init) for delay_init
    main.o(i.main) refers to led.o(i.LED_Init) for LED_Init
    main.o(i.main) refers to lcd.o(i.LCD_Init) for LCD_Init
    main.o(i.main) refers to lcd.o(i.LCD_Clear) for LCD_Clear
    main.o(i.main) refers to esp8266.o(i.esp8266_start_trans) for esp8266_start_trans
    main.o(i.main) refers to encoder.o(i.Encoder_Count_Init) for Encoder_Count_Init
    main.o(i.main) refers to mpu6050.o(i.MPU_Init) for MPU_Init
    main.o(i.main) refers to delay.o(i.delay_ms) for delay_ms
    main.o(i.main) refers to __2printf.o(.text) for __2printf
    main.o(i.main) refers to inv_mpu.o(i.mpu_dmp_init) for mpu_dmp_init
    main.o(i.main) refers to begstp.o(i.begstp_Init) for begstp_Init
    main.o(i.main) refers to begstp.o(i.forward) for forward
    main.o(i.main) refers to pwm.o(i.TIM1_PWM_Init) for TIM1_PWM_Init
    main.o(i.main) refers to my_task.o(i.FreeRTOS_Task_Start) for FreeRTOS_Task_Start
    main.o(i.main) refers to usart2.o(.data) for USART2_RX_STA
    system_stm32f10x.o(i.SystemCoreClockUpdate) refers to system_stm32f10x.o(.data) for .data
    system_stm32f10x.o(i.SystemInit) refers to system_stm32f10x.o(i.SetSysClockTo72) for SetSysClockTo72
    led.o(i.LED_GPIO_High) refers to stm32f10x_gpio.o(i.GPIO_SetBits) for GPIO_SetBits
    led.o(i.LED_GPIO_low) refers to stm32f10x_gpio.o(i.GPIO_ResetBits) for GPIO_ResetBits
    led.o(i.LED_Init) refers to stm32f10x_rcc.o(i.RCC_APB2PeriphClockCmd) for RCC_APB2PeriphClockCmd
    led.o(i.LED_Init) refers to stm32f10x_gpio.o(i.GPIO_Init) for GPIO_Init
    timer.o(i.ConfigureTimeForRunTimeStats) refers to timer.o(i.time7_init) for time7_init
    timer.o(i.ConfigureTimeForRunTimeStats) refers to timer.o(.data) for .data
    timer.o(i.TIM6_Configuration) refers to stm32f10x_tim.o(i.TIM_ClearITPendingBit) for TIM_ClearITPendingBit
    timer.o(i.TIM6_Configuration) refers to stm32f10x_tim.o(i.TIM_TimeBaseInit) for TIM_TimeBaseInit
    timer.o(i.TIM6_Configuration) refers to stm32f10x_tim.o(i.TIM_ITConfig) for TIM_ITConfig
    timer.o(i.TIM6_Configuration) refers to stm32f10x_tim.o(i.TIM_Cmd) for TIM_Cmd
    timer.o(i.TIM6_IRQHandler) refers to motor.o(i.MPU6050_Data_read) for MPU6050_Data_read
    timer.o(i.TIM6_IRQHandler) refers to motor.o(i.Moto_Speed_Read) for Moto_Speed_Read
    timer.o(i.TIM6_IRQHandler) refers to motor.o(i.Smart_Car_Task) for Smart_Car_Task
    timer.o(i.TIM6_IRQHandler) refers to stm32f10x_tim.o(i.TIM_ClearITPendingBit) for TIM_ClearITPendingBit
    timer.o(i.TIM6_IRQHandler) refers to timer.o(.data) for .data
    timer.o(i.TIM6_NVIC_Configuration) refers to misc.o(i.NVIC_PriorityGroupConfig) for NVIC_PriorityGroupConfig
    timer.o(i.TIM6_NVIC_Configuration) refers to misc.o(i.NVIC_Init) for NVIC_Init
    timer.o(i.TIM6_RCC_Configuration) refers to stm32f10x_rcc.o(i.RCC_APB1PeriphClockCmd) for RCC_APB1PeriphClockCmd
    timer.o(i.TIM7_Configuration) refers to stm32f10x_tim.o(i.TIM_ClearITPendingBit) for TIM_ClearITPendingBit
    timer.o(i.TIM7_Configuration) refers to stm32f10x_tim.o(i.TIM_TimeBaseInit) for TIM_TimeBaseInit
    timer.o(i.TIM7_Configuration) refers to stm32f10x_tim.o(i.TIM_ITConfig) for TIM_ITConfig
    timer.o(i.TIM7_Configuration) refers to stm32f10x_tim.o(i.TIM_Cmd) for TIM_Cmd
    timer.o(i.TIM7_IRQHandler) refers to stm32f10x_tim.o(i.TIM_ClearITPendingBit) for TIM_ClearITPendingBit
    timer.o(i.TIM7_IRQHandler) refers to timer.o(.data) for .data
    timer.o(i.TIM7_NVIC_Configuration) refers to misc.o(i.NVIC_PriorityGroupConfig) for NVIC_PriorityGroupConfig
    timer.o(i.TIM7_NVIC_Configuration) refers to misc.o(i.NVIC_Init) for NVIC_Init
    timer.o(i.TIM7_RCC_Configuration) refers to stm32f10x_rcc.o(i.RCC_APB1PeriphClockCmd) for RCC_APB1PeriphClockCmd
    timer.o(i.time6_init) refers to timer.o(i.TIM6_RCC_Configuration) for TIM6_RCC_Configuration
    timer.o(i.time6_init) refers to timer.o(i.TIM6_Configuration) for TIM6_Configuration
    timer.o(i.time6_init) refers to timer.o(i.TIM6_NVIC_Configuration) for TIM6_NVIC_Configuration
    timer.o(i.time7_init) refers to timer.o(i.TIM7_RCC_Configuration) for TIM7_RCC_Configuration
    timer.o(i.time7_init) refers to timer.o(i.TIM7_Configuration) for TIM7_Configuration
    timer.o(i.time7_init) refers to timer.o(i.TIM7_NVIC_Configuration) for TIM7_NVIC_Configuration
[...]
    MSG_Analyze_BT                           0x080028cd   Thumb Code    62  remote_ctrl.o(i.MSG_Analyze_BT)
    MemManage_Handler                        0x08002915   Thumb Code     2  stm32f10x_it.o(i.MemManage_Handler)
    Moto_Ctrl                                0x08002919   Thumb Code    90  motor.o(i.Moto_Ctrl)
    Moto_Speed_Read                          0x08002979   Thumb Code    62  motor.o(i.Moto_Speed_Read)
    NMI_Handler                              0x080029c1   Thumb Code     2  stm32f10x_it.o(i.NMI_Handler)
    NVIC_Init                                0x080029c5   Thumb Code    94  misc.o(i.NVIC_Init)
    NVIC_PriorityGroupConfig                 0x08002a29   Thumb Code    10  misc.o(i.NVIC_PriorityGroupConfig)
    RCC_APB1PeriphClockCmd                   0x08002a3d   Thumb Code    18  stm32f10x_rcc.o(i.RCC_APB1PeriphClockCmd)
    RCC_APB1PeriphResetCmd                   0x08002a55   Thumb Code    18  stm32f10x_rcc.o(i.RCC_APB1PeriphResetCmd)
    RCC_APB2PeriphClockCmd                   0x08002a6d   Thumb Code    18  stm32f10x_rcc.o(i.RCC_APB2PeriphClockCmd)
    RCC_APB2PeriphResetCmd                   0x08002a85   Thumb Code    18  stm32f10x_rcc.o(i.RCC_APB2PeriphResetCmd)
    RCC_GetClocksFreq                        0x08002a9d   Thumb Code   132  stm32f10x_rcc.o(i.RCC_GetClocksFreq)
    SPI_WriteData                            0x08002b31   Thumb Code    46  lcd.o(i.SPI_WriteData)
    Smart_Car_Task                           0x08002c0d   Thumb Code   148  motor.o(i.Smart_Car_Task)
    SysTick_CLKSourceConfig                  0x08002cad   Thumb Code    24  misc.o(i.SysTick_CLKSourceConfig)
    SysTick_Handler                          0x08002cc5   Thumb Code    20  delay.o(i.SysTick_Handler)
    SystemInit                               0x08002cd9   Thumb Code    64  system_stm32f10x.o(i.SystemInit)
    TIM1_PWM_Init                            0x08002e11   Thumb Code   220  pwm.o(i.TIM1_PWM_Init)
    TIM6_IRQHandler                          0x08002ef5   Thumb Code    52  timer.o(i.TIM6_IRQHandler)
    TIM7_Configuration                       0x08002f31   Thumb Code    62  timer.o(i.TIM7_Configuration)
    TIM7_IRQHandler                          0x08002f75   Thumb Code    24  timer.o(i.TIM7_IRQHandler)
    TIM7_NVIC_Configuration                  0x08002f95   Thumb Code    42  timer.o(i.TIM7_NVIC_Configuration)
    TIM7_RCC_Configuration                   0x08002fbf   Thumb Code     8  timer.o(i.TIM7_RCC_Configuration)
    TIM_ARRPreloadConfig                     0x08002fc7   Thumb Code    20  stm32f10x_tim.o(i.TIM_ARRPreloadConfig)
    TIM_ClearITPendingBit                    0x08002fdb   Thumb Code     6  stm32f10x_tim.o(i.TIM_ClearITPendingBit)
    TIM_Cmd                                  0x08002fe1   Thumb Code    20  stm32f10x_tim.o(i.TIM_Cmd)
    TIM_CtrlPWMOutputs                       0x08002ff5   Thumb Code    22  stm32f10x_tim.o(i.TIM_CtrlPWMOutputs)
    TIM_EncoderInterfaceConfig               0x0800300b   Thumb Code    50  stm32f10x_tim.o(i.TIM_EncoderInterfaceConfig)
    TIM_ICInit                               0x0800303d   Thumb Code   278  stm32f10x_tim.o(i.TIM_ICInit)
    TIM_ICStructInit                         0x08003169   Thumb Code    16  stm32f10x_tim.o(i.TIM_ICStructInit)
    TIM_ITConfig                             0x08003179   Thumb Code    16  stm32f10x_tim.o(i.TIM_ITConfig)
    TIM_OC3Init                              0x08003189   Thumb Code   116  stm32f10x_tim.o(i.TIM_OC3Init)
    TIM_OC3PreloadConfig                     0x08003205   Thumb Code    12  stm32f10x_tim.o(i.TIM_OC3PreloadConfig)
    TIM_OC4Init                              0x08003211   Thumb Code    90  stm32f10x_tim.o(i.TIM_OC4Init)
    TIM_OC4PreloadConfig                     0x08003275   Thumb Code    20  stm32f10x_tim.o(i.TIM_OC4PreloadConfig)
    TIM_SetAutoreload                        0x08003289   Thumb Code     4  stm32f10x_tim.o(i.TIM_SetAutoreload)
    TIM_SetCompare3                          0x0800328d   Thumb Code     4  stm32f10x_tim.o(i.TIM_SetCompare3)
    TIM_SetCompare4                          0x08003291   Thumb Code     6  stm32f10x_tim.o(i.TIM_SetCompare4)
    TIM_SetIC1Prescaler                      0x08003297   Thumb Code    16  stm32f10x_tim.o(i.TIM_SetIC1Prescaler)
    TIM_SetIC2Prescaler                      0x080032a7   Thumb Code    24  stm32f10x_tim.o(i.TIM_SetIC2Prescaler)
    TIM_SetIC3Prescaler                      0x080032bf   Thumb Code    16  stm32f10x_tim.o(i.TIM_SetIC3Prescaler)
    TIM_SetIC4Prescaler                      0x080032cf   Thumb Code    24  stm32f10x_tim.o(i.TIM_SetIC4Prescaler)
    TIM_TimeBaseInit                         0x080032e9   Thumb Code   114  stm32f10x_tim.o(i.TIM_TimeBaseInit)
    UI                                       0x08003385   Thumb Code   194  remote_ctrl.o(i.UI)
    USART1_IRQHandler                        0x08003471   Thumb Code    44  usart.o(i.USART1_IRQHandler)
    USART2_IRQHandler                        0x080034a1   Thumb Code   122  usart2.o(i.USART2_IRQHandler)
    USART2_WIFI_CTRL                         0x08003535   Thumb Code   130  usart2.o(i.USART2_WIFI_CTRL)
    USART_Cmd                                0x080035e9   Thumb Code    20  stm32f10x_usart.o(i.USART_Cmd)
    USART_Config                             0x080035fd   Thumb Code   170  usart.o(i.USART_Config)
    USART_DeInit                             0x080036b1   Thumb Code    96  stm32f10x_usart.o(i.USART_DeInit)
    USART_GetFlagStatus                      0x08003725   Thumb Code    14  stm32f10x_usart.o(i.USART_GetFlagStatus)
    USART_GetITStatus                        0x08003733   Thumb Code    62  stm32f10x_usart.o(i.USART_GetITStatus)
    USART_ITConfig                           0x08003771   Thumb Code    48  stm32f10x_usart.o(i.USART_ITConfig)
    USART_Init                               0x080037a1   Thumb Code   166  stm32f10x_usart.o(i.USART_Init)
    USART_ReceiveData                        0x0800384d   Thumb Code     8  stm32f10x_usart.o(i.USART_ReceiveData)
    USART_SendData                           0x08003855   Thumb Code     8  stm32f10x_usart.o(i.USART_SendData)
    UsageFault_Handler                       0x0800385d   Thumb Code     2  stm32f10x_it.o(i.UsageFault_Handler)
    __ARM_fpclassify                         0x0800385f   Thumb Code    40  fpclassify.o(i.__ARM_fpclassify)
    __kernel_poly                            0x08003887   Thumb Code   170  poly.o(i.__kernel_poly)
    __mathlib_dbl_infnan                     0x08003931   Thumb Code     6  dunder.o(i.__mathlib_dbl_infnan)
    __mathlib_dbl_infnan2                    0x08003937   Thumb Code     4  dunder.o(i.__mathlib_dbl_infnan2)
    __mathlib_dbl_invalid                    0x0800393b   Thumb Code    12  dunder.o(i.__mathlib_dbl_invalid)
    __mathlib_dbl_underflow                  0x08003949   Thumb Code    10  dunder.o(i.__mathlib_dbl_underflow)
    _is_digit                                0x08003959   Thumb Code    14  __printf_wp.o(i._is_digit)
    _sys_exit                                0x08003967   Thumb Code     2  usart.o(i._sys_exit)
    api_task                                 0x08003969   Thumb Code     8  my_task.o(i.api_task)
    apitime_task                             0x08003971   Thumb Code     8  my_task.o(i.apitime_task)
    asin                                     0x08003979   Thumb Code   572  asin.o(i.asin)
    atan                                     0x08003be9   Thumb Code   474  atan.o(i.atan)
    atan2                                    0x08003e09   Thumb Code   346  atan2.o(i.atan2)
    begstp_Init                              0x08003f89   Thumb Code    50  begstp.o(i.begstp_Init)
    delay_init                               0x08003fc1   Thumb Code    60  delay.o(i.delay_init)
    delay_ms                                 0x08004009   Thumb Code    52  delay.o(i.delay_ms)
    delay_us                                 0x08004041   Thumb Code    48  delay.o(i.delay_us)
    delay_xms                                0x08004075   Thumb Code    26  delay.o(i.delay_xms)
    dmp_enable_6x_lp_quat                    0x0800408f   Thumb Code    58  inv_mpu_dmp_motion_driver.o(i.dmp_enable_6x_lp_quat)
    dmp_enable_feature                       0x080040c9   Thumb Code   468  inv_mpu_dmp_motion_driver.o(i.dmp_enable_feature)
    dmp_enable_gyro_cal                      0x080042a5   Thumb Code    32  inv_mpu_dmp_motion_driver.o(i.dmp_enable_gyro_cal)
    dmp_enable_lp_quat                       0x080042dd   Thumb Code    58  inv_mpu_dmp_motion_driver.o(i.dmp_enable_lp_quat)
    dmp_load_motion_driver_firmware          0x08004319   Thumb Code    16  inv_mpu_dmp_motion_driver.o(i.dmp_load_motion_driver_firmware)
    dmp_read_fifo                            0x0800432d   Thumb Code   324  inv_mpu_dmp_motion_driver.o(i.dmp_read_fifo)
    dmp_set_fifo_rate                        0x08004475   Thumb Code    82  inv_mpu_dmp_motion_driver.o(i.dmp_set_fifo_rate)
    dmp_set_orientation                      0x080044d9   Thumb Code   246  inv_mpu_dmp_motion_driver.o(i.dmp_set_orientation)
    dmp_set_shake_reject_thresh              0x080045e5   Thumb Code    48  inv_mpu_dmp_motion_driver.o(i.dmp_set_shake_reject_thresh)
    dmp_set_shake_reject_time                0x08004615   Thumb Code    32  inv_mpu_dmp_motion_driver.o(i.dmp_set_shake_reject_time)
    dmp_set_shake_reject_timeout             0x08004635   Thumb Code    32  inv_mpu_dmp_motion_driver.o(i.dmp_set_shake_reject_timeout)
    dmp_set_tap_axes                         0x08004655   Thumb Code    64  inv_mpu_dmp_motion_driver.o(i.dmp_set_tap_axes)
    dmp_set_tap_count                        0x08004695   Thumb Code    34  inv_mpu_dmp_motion_driver.o(i.dmp_set_tap_count)
    dmp_set_tap_thresh                       0x080046b9   Thumb Code   274  inv_mpu_dmp_motion_driver.o(i.dmp_set_tap_thresh)
    dmp_set_tap_time                         0x080047e1   Thumb Code    32  inv_mpu_dmp_motion_driver.o(i.dmp_set_tap_time)
    dmp_set_tap_time_multi                   0x08004801   Thumb Code    32  inv_mpu_dmp_motion_driver.o(i.dmp_set_tap_time_multi)
    esp8266_send_cmd1                        0x08004821   Thumb Code     8  esp8266.o(i.esp8266_send_cmd1)
    esp8266_start_trans                      0x08004831   Thumb Code   186  esp8266.o(i.esp8266_start_trans)
    forward                                  0x080048f1   Thumb Code    46  begstp.o(i.forward)
    fputc                                    0x08004925   Thumb Code    30  usart.o(i.fputc)
    inv_orientation_matrix_to_scalar         0x08004949   Thumb Code    34  inv_mpu.o(i.inv_orientation_matrix_to_scalar)
    inv_row_2_scale                          0x0800496b   Thumb Code    72  inv_mpu.o(i.inv_row_2_scale)
    lcd_task                                 0x080049b5   Thumb Code   134  my_task.o(i.lcd_task)
    led_task                                 0x08004a79   Thumb Code     8  my_task.o(i.led_task)
    main                                     0x08004a81   Thumb Code   118  main.o(i.main)
    mget_ms                                  0x08004b09   Thumb Code     2  inv_mpu.o(i.mget_ms)
    moto_task                                0x08004b0b   Thumb Code     8  my_task.o(i.moto_task)
    motor1_backfoward                        0x08004b15   Thumb Code    26  begstp.o(i.motor1_backfoward)
    motor1_forward                           0x08004b35   Thumb Code    26  begstp.o(i.motor1_forward)
    motor2_backfoward                        0x08004b55   Thumb Code    28  begstp.o(i.motor2_backfoward)
    motor2_forward                           0x08004b75   Thumb Code    28  begstp.o(i.motor2_forward)
    mpu_configure_fifo                       0x08004b95   Thumb Code    84  inv_mpu.o(i.mpu_configure_fifo)
    mpu_dmp_get_data                         0x08004bed   Thumb Code   408  inv_mpu.o(i.mpu_dmp_get_data)
    mpu_dmp_init                             0x08004d89   Thumb Code   148  inv_mpu.o(i.mpu_dmp_init)
    mpu_get_accel_fsr                        0x08004e21   Thumb Code    54  inv_mpu.o(i.mpu_get_accel_fsr)
    mpu_init                                 0x08004e5d   Thumb Code   310  inv_mpu.o(i.mpu_init)
    mpu_load_firmware                        0x08004fe5   Thumb Code   158  inv_mpu.o(i.mpu_load_firmware)
    mpu_lp_accel_mode                        0x08005089   Thumb Code   178  inv_mpu.o(i.mpu_lp_accel_mode)
    mpu_read_fifo_stream                     0x08005141   Thumb Code   140  inv_mpu.o(i.mpu_read_fifo_stream)
    mpu_read_mem                             0x080051d1   Thumb Code    80  inv_mpu.o(i.mpu_read_mem)
    mpu_reset_fifo                           0x08005225   Thumb Code   344  inv_mpu.o(i.mpu_reset_fifo)
    mpu_set_accel_fsr                        0x08005381   Thumb Code    98  inv_mpu.o(i.mpu_set_accel_fsr)
    mpu_set_bypass                           0x080053e9   Thumb Code   214  inv_mpu.o(i.mpu_set_bypass)
    mpu_set_dmp_state                        0x080054c5   Thumb Code   114  inv_mpu.o(i.mpu_set_dmp_state)
    mpu_set_gyro_fsr                         0x0800553d   Thumb Code   104  inv_mpu.o(i.mpu_set_gyro_fsr)
    mpu_set_int_latched                      0x080055a9   Thumb Code    94  inv_mpu.o(i.mpu_set_int_latched)
    mpu_set_lpf                              0x0800560d   Thumb Code   102  inv_mpu.o(i.mpu_set_lpf)
    mpu_set_sample_rate                      0x08005679   Thumb Code   116  inv_mpu.o(i.mpu_set_sample_rate)
    mpu_set_sensors                          0x080056f1   Thumb Code   178  inv_mpu.o(i.mpu_set_sensors)
    mpu_write_mem                            0x080057a9   Thumb Code    80  inv_mpu.o(i.mpu_write_mem)
    my_abs                                   0x080057fd   Thumb Code     8  motor.o(i.my_abs)
    my_mem_init                              0x08005805   Thumb Code    50  malloc.o(i.my_mem_init)
    my_mem_perused                           0x08005841   Thumb Code    48  malloc.o(i.my_mem_perused)
    mymemset                                 0x08005879   Thumb Code    12  malloc.o(i.mymemset)
    pvPortMalloc                             0x080060e9   Thumb Code   214  heap_4.o(i.pvPortMalloc)
    pvTaskIncrementMutexHeldCount            0x080061fd   Thumb Code    18  tasks.o(i.pvTaskIncrementMutexHeldCount)
    pxPortInitialiseStack                    0x08006215   Thumb Code    32  port.o(i.pxPortInitialiseStack)
    speed_task                               0x0800628d   Thumb Code    46  my_task.o(i.speed_task)
    sqrt                                     0x080062c1   Thumb Code    76  sqrt.o(i.sqrt)
    start_task                               0x0800630d   Thumb Code   218  my_task.o(i.start_task)
    sudu                                     0x0800646d   Thumb Code   170  motor.o(i.sudu)
    time7_init                               0x08006531   Thumb Code    18  timer.o(i.time7_init)
    u2_printf                                0x08006545   Thumb Code    68  usart2.o(i.u2_printf)
    ui_task                                  0x08006591   Thumb Code    30  my_task.o(i.ui_task)
    usart2_init                              0x080065b5   Thumb Code   166  usart2.o(i.usart2_init)
    usart2_task                              0x08006669   Thumb Code    30  my_task.o(i.usart2_task)
    uxListRemove                             0x0800668d   Thumb Code    36  list.o(i.uxListRemove)
    vListInitialise                          0x080066b1   Thumb Code    22  list.o(i.vListInitialise)
    vListInitialiseItem                      0x080066c7   Thumb Code     6  list.o(i.vListInitialiseItem)
    vListInsert                              0x080066cd   Thumb Code    48  list.o(i.vListInsert)
    vListInsertEnd                           0x080066fd   Thumb Code    24  list.o(i.vListInsertEnd)
    vPortEnterCritical                       0x08006715   Thumb Code    50  port.o(i.vPortEnterCritical)
    vPortExitCritical                        0x0800678d   Thumb Code    34  port.o(i.vPortExitCritical)
    vPortFree                                0x080067f1   Thumb Code    94  heap_4.o(i.vPortFree)
    vPortSetupTimerInterrupt                 0x0800688d   Thumb Code    26  port.o(i.vPortSetupTimerInterrupt)
    vPortValidateInterruptPriority           0x080068ad   Thumb Code    70  port.o(i.vPortValidateInterruptPriority)
    vQueueAddToRegistry                      0x08006939   Thumb Code    32  queue.o(i.vQueueAddToRegistry)
    vQueueWaitForMessageRestricted           0x0800695d   Thumb Code    68  queue.o(i.vQueueWaitForMessageRestricted)
    vTaskDelay                               0x080069a1   Thumb Code    62  tasks.o(i.vTaskDelay)
    vTaskDelete                              0x08006a0d   Thumb Code   152  tasks.o(i.vTaskDelete)
    vTaskMissedYield                         0x08006ad9   Thumb Code     8  tasks.o(i.vTaskMissedYield)
    vTaskPlaceOnEventList                    0x08006ae5   Thumb Code    44  tasks.o(i.vTaskPlaceOnEventList)
    vTaskPlaceOnEventListRestricted          0x08006b39   Thumb Code    52  tasks.o(i.vTaskPlaceOnEventListRestricted)
    vTaskPriorityInherit                     0x08006b95   Thumb Code   124  tasks.o(i.vTaskPriorityInherit)
    vTaskSetTimeOutState                     0x08006c19   Thumb Code    30  tasks.o(i.vTaskSetTimeOutState)
    vTaskStartScheduler                      0x08006c61   Thumb Code   100  tasks.o(i.vTaskStartScheduler)
    vTaskSuspendAll                          0x08006cf9   Thumb Code    10  tasks.o(i.vTaskSuspendAll)
    vTaskSwitchContext                       0x08006d09   Thumb Code   106  tasks.o(i.vTaskSwitchContext)
    xPortStartScheduler                      0x08006da5   Thumb Code   108  port.o(i.xPortStartScheduler)
    xPortSysTickHandler                      0x08006e1d   Thumb Code    38  port.o(i.xPortSysTickHandler)
    xQueueGenericCreate                      0x08006e49   Thumb Code    82  queue.o(i.xQueueGenericCreate)
    xQueueGenericReceive                     0x08006ec1   Thumb Code   348  queue.o(i.xQueueGenericReceive)
    xQueueGenericReset                       0x08007045   Thumb Code   128  queue.o(i.xQueueGenericReset)
    xQueueGenericSend                        0x080070ed   Thumb Code   350  queue.o(i.xQueueGenericSend)
    xQueueGenericSendFromISR                 0x08007275   Thumb Code   188  queue.o(i.xQueueGenericSendFromISR)
    xQueueGiveFromISR                        0x08007355   Thumb Code   162  queue.o(i.xQueueGiveFromISR)
    xTaskCheckForTimeOut                     0x0800741d   Thumb Code    94  tasks.o(i.xTaskCheckForTimeOut)
    xTaskCreate                              0x080074a5   Thumb Code    86  tasks.o(i.xTaskCreate)
    xTaskGetSchedulerState                   0x080074fd   Thumb Code    22  tasks.o(i.xTaskGetSchedulerState)
    xTaskGetTickCount                        0x08007519   Thumb Code     6  tasks.o(i.xTaskGetTickCount)
    xTaskIncrementTick                       0x08007525   Thumb Code   188  tasks.o(i.xTaskIncrementTick)
    xTaskPriorityDisinherit                  0x0800760d   Thumb Code   136  tasks.o(i.xTaskPriorityDisinherit)
    xTaskRemoveFromEventList                 0x080076c1   Thumb Code   102  tasks.o(i.xTaskRemoveFromEventList)
    xTaskResumeAll                           0x08007759   Thumb Code   180  tasks.o(i.xTaskResumeAll)
    xTimerCreate                             0x0800783d   Thumb Code    74  timers.o(i.xTimerCreate)
    xTimerCreateTimerTask                    0x080078b1   Thumb Code    58  timers.o(i.xTimerCreateTimerTask)
    xTimerGenericCommand                     0x08007925   Thumb Code    98  timers.o(i.xTimerGenericCommand)
    zhili                                    0x080079b5   Thumb Code    52  motor.o(i.zhili)
    zhuan                                    0x080079ed   Thumb Code    28  motor.o(i.zhuan)
    _get_lc_numeric                          0x08007a0d   Thumb Code    44  lc_numeric_c.o(locale$$code)
    _get_lc_ctype                            0x08007a39   Thumb Code    44  lc_ctype_c.o(locale$$code)
    __aeabi_d2f                              0x08007a65   Thumb Code     0  d2f.o(x$fpl$d2f)
    _d2f                                     0x08007a65   Thumb Code    98  d2f.o(x$fpl$d2f)
    __aeabi_dadd                             0x08007ac9   Thumb Code     0  daddsub_clz.o(x$fpl$dadd)
    _dadd                                    0x08007ac9   Thumb Code   332  daddsub_clz.o(x$fpl$dadd)
    __fpl_dcheck_NaN1                        0x08007c19   Thumb Code    10  dcheck1.o(x$fpl$dcheck1)
    __aeabi_ddiv                             0x08007c29   Thumb Code     0  ddiv.o(x$fpl$ddiv)
    _ddiv                                    0x08007c29   Thumb Code   552  ddiv.o(x$fpl$ddiv)
    __aeabi_d2iz                             0x08007ed9   Thumb Code     0  dfix.o(x$fpl$dfix)
    _dfix                                    0x08007ed9   Thumb Code    94  dfix.o(x$fpl$dfix)
    __aeabi_i2d                              0x08007f37   Thumb Code     0  dflt_clz.o(x$fpl$dflt)
    _dflt                                    0x08007f37   Thumb Code    46  dflt_clz.o(x$fpl$dflt)
    __aeabi_dmul                             0x08007f65   Thumb Code     0  dmul.o(x$fpl$dmul)
    _dmul                                    0x08007f65   Thumb Code   332  dmul.o(x$fpl$dmul)
    __fpl_dnaninf                            0x080080b9   Thumb Code   156  dnaninf.o(x$fpl$dnaninf)
    __fpl_dretinf                            0x08008155   Thumb Code    12  dretinf.o(x$fpl$dretinf)
    __aeabi_drsub                            0x08008161   Thumb Code     0  daddsub_clz.o(x$fpl$drsb)
    _drsb                                    0x08008161   Thumb Code    22  daddsub_clz.o(x$fpl$drsb)
    _dsqrt                                   0x08008179   Thumb Code   456  dsqrt_noumaal.o(x$fpl$dsqrt)
    __aeabi_dsub                             0x08008345   Thumb Code     0  daddsub_clz.o(x$fpl$dsub)
    _dsub                                    0x08008345   Thumb Code   464  daddsub_clz.o(x$fpl$dsub)
    __aeabi_f2d                              0x08008519   Thumb Code     0  f2d.o(x$fpl$f2d)
    _f2d                                     0x08008519   Thumb Code    86  f2d.o(x$fpl$f2d)
    __aeabi_fadd                             0x08008571   Thumb Code     0  faddsub_clz.o(x$fpl$fadd)
    _fadd                                    0x08008571   Thumb Code   196  faddsub_clz.o(x$fpl$fadd)
    __fpl_fcheck_NaN1                        0x08008635   Thumb Code     6  fcheck1.o(x$fpl$fcheck1)
    __aeabi_fdiv                             0x08008641   Thumb Code     0  fdiv.o(x$fpl$fdiv)
    _fdiv                                    0x08008641   Thumb Code   384  fdiv.o(x$fpl$fdiv)
    __aeabi_f2iz                             0x080087c5   Thumb Code     0  ffix.o(x$fpl$ffix)
    _ffix                                    0x080087c5   Thumb Code    54  ffix.o(x$fpl$ffix)
    __aeabi_f2uiz                            0x080087fd   Thumb Code     0  ffixu.o(x$fpl$ffixu)
    _ffixu                                   0x080087fd   Thumb Code    62  ffixu.o(x$fpl$ffixu)
    __aeabi_i2f                              0x0800883d   Thumb Code     0  fflt_clz.o(x$fpl$fflt)
    _fflt                                    0x0800883d   Thumb Code    48  fflt_clz.o(x$fpl$fflt)
    __aeabi_ui2f                             0x0800886d   Thumb Code     0  fflt_clz.o(x$fpl$ffltu)
    _ffltu                                   0x0800886d   Thumb Code    38  fflt_clz.o(x$fpl$ffltu)
    __aeabi_fmul                             0x08008895   Thumb Code     0  fmul.o(x$fpl$fmul)
    _fmul                                    0x08008895   Thumb Code   258  fmul.o(x$fpl$fmul)
    __fpl_fnaninf                            0x08008997   Thumb Code   140  fnaninf.o(x$fpl$fnaninf)
    __fpl_fretinf                            0x08008a23   Thumb Code    10  fretinf.o(x$fpl$fretinf)
    __aeabi_frsub                            0x08008a2d   Thumb Code     0  faddsub_clz.o(x$fpl$frsb)
    _frsb                                    0x08008a2d   Thumb Code    20  faddsub_clz.o(x$fpl$frsb)
    __aeabi_fsub                             0x08008a41   Thumb Code     0  faddsub_clz.o(x$fpl$fsub)
    _fsub                                    0x08008a41   Thumb Code   234  faddsub_clz.o(x$fpl$fsub)
    _printf_fp_dec                           0x08008b2b   Thumb Code     4  printf1.o(x$fpl$printf1)
    __fpl_return_NaN                         0x08008b2f   Thumb Code   100  retnan.o(x$fpl$retnan)
    __ARM_scalbn                             0x08008b93   Thumb Code    92  scalbn.o(x$fpl$scalbn)
    __ARM_scalbnf                            0x08008bef   Thumb Code    76  scalbnf.o(x$fpl$scalbnf)
    __fpl_cmpreturn                          0x08008c3b   Thumb Code    48  trapv.o(x$fpl$trapveneer)
    __I$use$fp                               0x08008c6a   Number         0  usenofp.o(x$fpl$usenofp)
    asc16                                    0x08008c6a   Data        1521  lcd.o(.constdata)
    sz32                                     0x0800925b   Data        1921  lcd.o(.constdata)
    hz16                                     0x080099dc   Data        1258  lcd.o(.constdata)
    hz24                                     0x08009ec6   Data        1406  lcd.o(.constdata)
    reg                                      0x0800a444   Data          27  inv_mpu.o(.constdata)
    hw                                       0x0800a460   Data          12  inv_mpu.o(.constdata)
    test                                     0x0800a46c   Data          40  inv_mpu.o(.constdata)
    memtblsize                               0x0800b08c   Data           8  malloc.o(.constdata)
    memblksize                               0x0800b094   Data           8  malloc.o(.constdata)
    memsize                                  0x0800b09c   Data           8  malloc.o(.constdata)
    __mathlib_zero                           0x0800b1d0   Data           8  qnan.o(.constdata)
    Region$$Table$$Base                      0x0800b2bc   Number         0  anon$$obj.o(Region$$Table)
    Region$$Table$$Limit                     0x0800b2dc   Number         0  anon$$obj.o(Region$$Table)
    __ctype                                  0x0800b305   Data           0  lc_ctype_c.o(locale$$data)
    SystemCoreClock                          0x20000000   Data           4  system_stm32f10x.o(.data)
    AHBPrescTable                            0x20000004   Data          16  system_stm32f10x.o(.data)
    time6                                    0x20000018   Data           2  timer.o(.data)
    FreeRTOSRunTimeTicks                     0x20000020   Data           8  timer.o(.data)
    front_flag                               0x20000028   Data           1  remote_ctrl.o(.data)
    back_flag                                0x20000029   Data           1  remote_ctrl.o(.data)
    turn_left_flag                           0x2000002a   Data           1  remote_ctrl.o(.data)
    turn_right_flag                          0x2000002b   Data           1  remote_ctrl.o(.data)
    stop_flag                                0x2000002c   Data           1  remote_ctrl.o(.data)
    turnmentleft                             0x20000030   Data           4  remote_ctrl.o(.data)
    turnmentright                            0x20000034   Data           4  remote_ctrl.o(.data)
    b                                        0x20000038   Data           7  esp8266.o(.data)
    a                                        0x2000003f   Data          12  esp8266.o(.data)
    c                                        0x2000004b   Data          26  esp8266.o(.data)
    d                                        0x20000065   Data          12  esp8266.o(.data)
    e                                        0x20000071   Data          42  esp8266.o(.data)
    mpu6050_data_flag                        0x2000009c   Data           1  motor.o(.data)
    gyrox                                    0x2000009e   Data           2  motor.o(.data)
    gyroy                                    0x200000a0   Data           2  motor.o(.data)
    gyroz                                    0x200000a2   Data           2  motor.o(.data)
    bianma1                                  0x200000a4   Data           4  motor.o(.data)
    bianma2                                  0x200000a8   Data           4  motor.o(.data)
    speed_num1                               0x200000ac   Data           4  motor.o(.data)
    speed_num2                               0x200000b0   Data           4  motor.o(.data)
    bianma_cnt1                              0x200000b4   Data           4  motor.o(.data)
    bianma_cnt2                              0x200000b8   Data           4  motor.o(.data)
    speed_avr1                               0x200000bc   Data           4  motor.o(.data)
    speed_last_avr1                          0x200000c0   Data           4  motor.o(.data)
    speed_avr1_num                           0x200000c4   Data           4  motor.o(.data)
    speed_cnt1                               0x200000c8   Data           4  motor.o(.data)
    speed_avr2                               0x200000cc   Data           4  motor.o(.data)
    speed_last_avr2                          0x200000d0   Data           4  motor.o(.data)
    speed_avr2_num                           0x200000d4   Data           4  motor.o(.data)
    speed_cnt2                               0x200000d8   Data           4  motor.o(.data)
    sudu_out                                 0x200000dc   Data           4  motor.o(.data)
    zhili_out                                0x200000e0   Data           4  motor.o(.data)
    zhuan_out                                0x200000e4   Data           4  motor.o(.data)
    PWM_OUT1                                 0x200000e8   Data           4  motor.o(.data)
    PWM_OUT2                                 0x200000ec   Data           4  motor.o(.data)
    Movement                                 0x200000f0   Data           4  motor.o(.data)
    turnment                                 0x200000f4   Data           4  motor.o(.data)
    Car_zero                                 0x200000f8   Data           4  motor.o(.data)
    Car_zero_offset                          0x200000fc   Data           4  motor.o(.data)
    zhili_Kp                                 0x20000100   Data           4  motor.o(.data)
    zhili_Kd                                 0x20000104   Data           4  motor.o(.data)
    sudu_Kp                                  0x20000108   Data           4  motor.o(.data)
    sudu_Ki                                  0x2000010c   Data           4  motor.o(.data)
    zhuan_Kp                                 0x20000110   Data           4  motor.o(.data)
    zhuan_Kd                                 0x20000114   Data           4  motor.o(.data)
    pitch                                    0x20000128   Data           4  motor.o(.data)
    roll                                     0x2000012c   Data           4  motor.o(.data)
    yaw                                      0x20000130   Data           4  motor.o(.data)
    i                                        0x2000016a   Data           1  usart2.o(.data)
    WF_Data1                                 0x2000016b   Data           1  usart2.o(.data)
    USART2_RX_STA                            0x2000016c   Data           2  usart2.o(.data)
    time                                     0x20000170   Data           1  my_task.o(.data)
    StartTask_Handler                        0x20000174   Data           4  my_task.o(.data)
    LEDTask_Handler                          0x20000178   Data           4  my_task.o(.data)
    UITask_Handler                           0x2000017c   Data           4  my_task.o(.data)
    SPEEDTask_Handler                        0x20000180   Data           4  my_task.o(.data)
    MOTOTask_Handler                         0x20000184   Data           4  my_task.o(.data)
    APITask_Handler                          0x20000188   Data           4  my_task.o(.data)
    APITIMETask_Handler                      0x2000018c   Data           4  my_task.o(.data)
    USART2Task_Handler                       0x20000190   Data           4  my_task.o(.data)
    LCDTask_Handler                          0x20000194   Data           4  my_task.o(.data)
    BinarySemaphore                          0x20000198   Data           4  my_task.o(.data)
    __stdout                                 0x200001a0   Data           4  usart.o(.data)
    mallco_dev                               0x200001b8   Data          28  malloc.o(.data)
    pxCurrentTCB                             0x200001d4   Data           4  tasks.o(.data)
    pitch_str                                0x20000250   Data          20  motor.o(.bss)
    roll_str                                 0x20000264   Data          20  motor.o(.bss)
    yaw_str                                  0x20000278   Data          20  motor.o(.bss)
    USART2_RX_BUF                            0x2000029c   Data         600  usart2.o(.bss)
    USART2_TX_BUF                            0x200004f4   Data         600  usart2.o(.bss)
    mem1base                                 0x20000760   Data       20480  malloc.o(.bss)
    mem1mapbase                              0x20005760   Data        1280  malloc.o(.bss)
    xQueueRegistry                           0x20005c60   Data          64  queue.o(.bss)
    __libspace_start                         0x2000afac   Data          96  libspace.o(.bss)
    __temporary_stack_top$libspace           0x2000b00c   Data           0  libspace.o(.bss)
    mem2base                                 0x68000000   Data       983040  malloc.o(.ARM.__AT_0x68000000)
    mem2mapbase                              0x680f0000   Data       61440  malloc.o(.ARM.__AT_0x680F0000)



==============================================================================

Memory Map of the image

  Image Entry point : 0x08000351

  Load Region LR_1 (Base: 0x08000000, Size: 0x0000b658, Max: 0xffffffff, ABSOLUTE, COMPRESSED[0x0000b4c4])

    Execution Region ER_RO (Base: 0x08000000, Size: 0x0000b408, Max: 0xffffffff, ABSOLUTE)

    Base Addr    Size         Type   Attr      Idx    E Section Name        Object

    0x08000000   0x00000130   Data   RO         1856    RESET               startup_stm32f10x_hd.o
    0x08000130   0x00000008   Code   RO         4259  * !!!main             c_w.l(__main.o)
    0x08000138   0x00000034   Code   RO         4680    !!!scatter          c_w.l(__scatter.o)
    0x0800016c   0x0000005a   Code   RO         4678    !!dczerorl2         c_w.l(__dczerorl2.o)
    0x080001c6   0x00000002   PAD
    0x080001c8   0x0000001c   Code   RO         4682    !!handler_zi        c_w.l(__scatter_zi.o)
    0x080001e4   0x00000000   Code   RO         4242    .ARM.Collect$$_printf_percent$$00000000  c_w.l(_printf_percent.o)
    0x080001e4   0x00000006   Code   RO         4373    .ARM.Collect$$_printf_percent$$00000001  c_w.l(_printf_n.o)
    0x080001ea   0x00000006   Code   RO         4374    .ARM.Collect$$_printf_percent$$00000002  c_w.l(_printf_p.o)
    0x080001f0   0x00000006   Code   RO         4241    .ARM.Collect$$_printf_percent$$00000003  c_w.l(_printf_f.o)
    0x080001f6   0x00000006   Code   RO         4377    .ARM.Collect$$_printf_percent$$00000004  c_w.l(_printf_e.o)
    0x080001fc   0x00000006   Code   RO         4378    .ARM.Collect$$_printf_percent$$00000005  c_w.l(_printf_g.o)
    0x08000202   0x00000006   Code   RO         4379    .ARM.Collect$$_printf_percent$$00000006  c_w.l(_printf_a.o)
    0x08000208   0x0000000a   Code   RO         4384    .ARM.Collect$$_printf_percent$$00000007  c_w.l(_printf_ll.o)
    0x08000212   0x00000006   Code   RO         4376    .ARM.Collect$$_printf_percent$$00000008  c_w.l(_printf_i.o)
    0x08000218   0x00000006   Code   RO         4239    .ARM.Collect$$_printf_percent$$00000009  c_w.l(_printf_d.o)
    0x0800021e   0x00000006   Code   RO         4240    .ARM.Collect$$_printf_percent$$0000000A  c_w.l(_printf_u.o)
    0x08000224   0x00000006   Code   RO         4375    .ARM.Collect$$_printf_percent$$0000000B  c_w.l(_printf_o.o)
    0x0800022a   0x00000006   Code   RO         4238    .ARM.Collect$$_printf_percent$$0000000C  c_w.l(_printf_x.o)
    0x08000230   0x00000006   Code   RO         4381    .ARM.Collect$$_printf_percent$$0000000D  c_w.l(_printf_lli.o)
    0x08000236   0x00000006   Code   RO         4382    .ARM.Collect$$_printf_percent$$0000000E  c_w.l(_printf_lld.o)
    0x0800023c   0x00000006   Code   RO         4383    .ARM.Collect$$_printf_percent$$0000000F  c_w.l(_printf_llu.o)
    0x08000242   0x00000006   Code   RO         4388    .ARM.Collect$$_printf_percent$$00000010  c_w.l(_printf_llo.o)
    0x08000248   0x00000006   Code   RO         4389    .ARM.Collect$$_printf_percent$$00000011  c_w.l(_printf_llx.o)
    0x0800024e   0x0000000a   Code   RO         4385    .ARM.Collect$$_printf_percent$$00000012  c_w.l(_printf_l.o)
    0x08000258   0x00000006   Code   RO         4236    .ARM.Collect$$_printf_percent$$00000013  c_w.l(_printf_c.o)
    0x0800025e   0x00000006   Code   RO         4237    .ARM.Collect$$_printf_percent$$00000014  c_w.l(_printf_s.o)
    0x08000264   0x00000006   Code   RO         4386    .ARM.Collect$$_printf_percent$$00000015  c_w.l(_printf_lc.o)
    0x0800026a   0x00000006   Code   RO         4387    .ARM.Collect$$_printf_percent$$00000016  c_w.l(_printf_ls.o)
    0x08000270   0x00000004   Code   RO         4380    .ARM.Collect$$_printf_percent$$00000017  c_w.l(_printf_percent_end.o)
    0x08000274   0x00000002   Code   RO         4545    .ARM.Collect$$libinit$$00000000  c_w.l(libinit.o)
    0x08000276   0x00000000   Code   RO         4547    .ARM.Collect$$libinit$$00000002  c_w.l(libinit2.o)
    0x08000276   0x00000000   Code   RO         4549    .ARM.Collect$$libinit$$00000004  c_w.l(libinit2.o)
    0x08000276   0x00000000   Code   RO         4552    .ARM.Collect$$libinit$$0000000A  c_w.l(libinit2.o)
    0x08000276   0x00000000   Code   RO         4554    .ARM.Collect$$libinit$$0000000C  c_w.l(libinit2.o)
    0x08000276   0x00000000   Code   RO         4556    .ARM.Collect$$libinit$$0000000E  c_w.l(libinit2.o)
    0x08000276   0x00000006   Code   RO         4557    .ARM.Collect$$libinit$$0000000F  c_w.l(libinit2.o)
    0x0800027c   0x00000000   Code   RO         4559    .ARM.Collect$$libinit$$00000011  c_w.l(libinit2.o)
    0x0800027c   0x0000000c   Code   RO         4560    .ARM.Collect$$libinit$$00000012  c_w.l(libinit2.o)
    0x08000288   0x00000000   Code   RO         4561    .ARM.Collect$$libinit$$00000013  c_w.l(libinit2.o)
    0x08000288   0x00000000   Code   RO         4563    .ARM.Collect$$libinit$$00000015  c_w.l(libinit2.o)
    0x08000288   0x0000000a   Code   RO         4564    .ARM.Collect$$libinit$$00000016  c_w.l(libinit2.o)
    0x08000292   0x00000000   Code   RO         4565    .ARM.Collect$$libinit$$00000017  c_w.l(libinit2.o)
    0x08000292   0x00000000   Code   RO         4567    .ARM.Collect$$libinit$$00000019  c_w.l(libinit2.o)
    0x08000292   0x00000000   Code   RO         4569    .ARM.Collect$$libinit$$0000001B  c_w.l(libinit2.o)
    0x08000292   0x00000000   Code   RO         4571    .ARM.Collect$$libinit$$0000001D  c_w.l(libinit2.o)
    0x08000292   0x00000000   Code   RO         4573    .ARM.Collect$$libinit$$0000001F  c_w.l(libinit2.o)
    0x08000292   0x00000000   Code   RO         4575    .ARM.Collect$$libinit$$00000021  c_w.l(libinit2.o)
    0x08000292   0x00000000   Code   RO         4577    .ARM.Collect$$libinit$$00000023  c_w.l(libinit2.o)
    0x08000292   0x00000000   Code   RO         4579    .ARM.Collect$$libinit$$00000025  c_w.l(libinit2.o)
    0x08000292   0x00000000   Code   RO         4583    .ARM.Collect$$libinit$$0000002C  c_w.l(libinit2.o)
    0x08000292   0x00000000   Code   RO         4585    .ARM.Collect$$libinit$$0000002E  c_w.l(libinit2.o)
    0x08000292   0x00000000   Code   RO         4587    .ARM.Collect$$libinit$$00000030  c_w.l(libinit2.o)
    0x08000292   0x00000000   Code   RO         4589    .ARM.Collect$$libinit$$00000032  c_w.l(libinit2.o)
    0x08000292   0x00000002   Code   RO         4590    .ARM.Collect$$libinit$$00000033  c_w.l(libinit2.o)
    0x08000294   0x00000002   Code   RO         4639    .ARM.Collect$$libshutdown$$00000000  c_w.l(libshutdown.o)
    0x08000296   0x00000000   Code   RO         4649    .ARM.Collect$$libshutdown$$00000003  c_w.l(libshutdown2.o)
    0x08000296   0x00000000   Code   RO         4652    .ARM.Collect$$libshutdown$$00000006  c_w.l(libshutdown2.o)
    0x08000296   0x00000000   Code   RO         4655    .ARM.Collect$$libshutdown$$00000009  c_w.l(libshutdown2.o)
    0x08000296   0x00000000   Code   RO         4657    .ARM.Collect$$libshutdown$$0000000B  c_w.l(libshutdown2.o)
    0x08000296   0x00000000   Code   RO         4660    .ARM.Collect$$libshutdown$$0000000E  c_w.l(libshutdown2.o)
    0x08000296   0x00000002   Code   RO         4661    .ARM.Collect$$libshutdown$$0000000F  c_w.l(libshutdown2.o)
    0x08000298   0x00000000   Code   RO         4341    .ARM.Collect$$rtentry$$00000000  c_w.l(__rtentry.o)
    0x08000298   0x00000000   Code   RO         4447    .ARM.Collect$$rtentry$$00000002  c_w.l(__rtentry2.o)
    0x08000298   0x00000006   Code   RO         4459    .ARM.Collect$$rtentry$$00000004  c_w.l(__rtentry4.o)
    0x0800029e   0x00000000   Code   RO         4449    .ARM.Collect$$rtentry$$00000009  c_w.l(__rtentry2.o)
    0x0800029e   0x00000004   Code   RO         4450    .ARM.Collect$$rtentry$$0000000A  c_w.l(__rtentry2.o)
    0x080002a2   0x00000000   Code   RO         4452    .ARM.Collect$$rtentry$$0000000C  c_w.l(__rtentry2.o)
    0x080002a2   0x00000008   Code   RO         4453    .ARM.Collect$$rtentry$$0000000D  c_w.l(__rtentry2.o)
    0x080002aa   0x00000002   Code   RO         4595    .ARM.Collect$$rtexit$$00000000  c_w.l(rtexit.o)
    0x080002ac   0x00000000   Code   RO         4609    .ARM.Collect$$rtexit$$00000002  c_w.l(rtexit2.o)
    0x080002ac   0x00000004   Code   RO         4610    .ARM.Collect$$rtexit$$00000003  c_w.l(rtexit2.o)
    0x080002b0   0x00000006   Code   RO         4611    .ARM.Collect$$rtexit$$00000004  c_w.l(rtexit2.o)
    0x080002b6   0x00000002   PAD
    0x080002b8   0x00000096   Code   RO         4094    .emb_text           port.o
    0x0800034e   0x00000002   PAD
    0x08000350   0x00000040   Code   RO         1857  * .text               startup_stm32f10x_hd.o
    0x08000390   0x00000002   Code   RO         4173    .text               c_w.l(use_no_semi_2.o)
    0x08000392   0x00000002   PAD
    0x08000394   0x00000024   Code   RO         4177    .text               c_w.l(c89vsprintf.o)
    0x080003b8   0x00000018   Code   RO         4179    .text               c_w.l(__2printf.o)
    0x080003d0   0x0000002c   Code   RO         4181    .text               c_w.l(__2sprintf.o)
    0x080003fc   0x0000004e   Code   RO         4189    .text               c_w.l(_printf_pad.o)
    0x0800044a   0x00000052   Code   RO         4191    .text               c_w.l(_printf_str.o)
    0x0800049c   0x00000078   Code   RO         4193    .text               c_w.l(_printf_dec.o)
    0x08000514   0x00000094   Code   RO         4213    .text               c_w.l(_printf_hex_int_ll_ptr.o)
    0x080005a8   0x00000188   Code   RO         4233    .text               c_w.l(__printf_flags_ss_wp.o)
    0x08000730   0x00000024   Code   RO         4243    .text               c_w.l(strstr.o)
    0x08000754   0x00000058   Code   RO         4245    .text               c_w.l(memcmp.o)
    0x080007ac   0x0000003e   Code   RO         4249    .text               c_w.l(strlen.o)
    0x080007ea   0x0000008a   Code   RO         4251    .text               c_w.l(rt_memcpy_v6.o)
    0x08000874   0x00000010   Code   RO         4253    .text               c_w.l(aeabi_memset.o)
    0x08000884   0x00000044   Code   RO         4255    .text               c_w.l(rt_memclr.o)
    0x080008c8   0x00000006   Code   RO         4257    .text               c_w.l(heapauxi.o)
    0x080008ce   0x00000002   Code   RO         4339    .text               c_w.l(use_no_semi.o)
    0x080008d0   0x00000016   Code   RO         4344    .text               c_w.l(_rserrno.o)
    0x080008e6   0x00000024   Code   RO         4346    .text               c_w.l(_printf_truncate.o)
    0x0800090a   0x000000b2   Code   RO         4348    .text               c_w.l(_printf_intcommon.o)
    0x080009bc   0x00000028   Code   RO         4350    .text               c_w.l(_printf_charcount.o)
    0x080009e4   0x0000041a   Code   RO         4352    .text               c_w.l(_printf_fp_dec.o)
    0x08000dfe   0x00000002   PAD
    0x08000e00   0x00000030   Code   RO         4354    .text               c_w.l(_printf_char_common.o)
    0x08000e30   0x0000000a   Code   RO         4356    .text               c_w.l(_sputc.o)
    0x08000e3a   0x0000002c   Code   RO         4358    .text               c_w.l(_printf_char.o)
    0x08000e66   0x00000002   PAD
    0x08000e68   0x00000024   Code   RO         4360    .text               c_w.l(_printf_char_file.o)
    0x08000e8c   0x000000bc   Code   RO         4362    .text               c_w.l(_printf_wctomb.o)
    0x08000f48   0x0000007c   Code   RO         4365    .text               c_w.l(_printf_longlong_dec.o)
    0x08000fc4   0x00000070   Code   RO         4371    .text               c_w.l(_printf_oct_int_ll.o)
    0x08001034   0x00000064   Code   RO         4390    .text               c_w.l(rt_memcpy_w.o)
    0x08001098   0x0000004e   Code   RO         4392    .text               c_w.l(rt_memclr_w.o)
    0x080010e6   0x00000002   PAD
    0x080010e8   0x00000008   Code   RO         4468    .text               c_w.l(rt_locale_intlibspace.o)
    0x080010f0   0x00000008   Code   RO         4473    .text               c_w.l(rt_errno_addr_intlibspace.o)
    0x080010f8   0x0000008a   Code   RO         4475    .text               c_w.l(lludiv10.o)
    0x08001182   0x00000002   PAD
    0x08001184   0x00000080   Code   RO         4477    .text               c_w.l(_printf_fp_infnan.o)
    0x08001204   0x0000002c   Code   RO         4481    .text               c_w.l(_printf_wchar.o)
    0x08001230   0x000000dc   Code   RO         4483    .text               c_w.l(bigflt0.o)
    0x0800130c   0x00000008   Code   RO         4508    .text               c_w.l(ferror.o)
    0x08001314   0x00000040   Code   RO         4512    .text               c_w.l(_wcrtomb.o)
    0x08001354   0x00000008   Code   RO         4527    .text               c_w.l(libspace.o)
    0x0800135c   0x0000004a   Code   RO         4530    .text               c_w.l(sys_stackheap_outer.o)
    0x080013a6   0x00000002   PAD
    0x080013a8   0x00000010   Code   RO         4532    .text               c_w.l(rt_ctype_table.o)
    0x080013b8   0x0000000c   Code   RO         4536    .text               c_w.l(exit.o)
    0x080013c4   0x00000080   Code   RO         4538    .text               c_w.l(strcmpv7m.o)
    0x08001444   0x0000003e   Code   RO         4486    CL$$btod_d2e        c_w.l(btod.o)
    0x08001482   0x00000046   Code   RO         4488    CL$$btod_d2e_denorm_low  c_w.l(btod.o)
    0x080014c8   0x00000060   Code   RO         4487    CL$$btod_d2e_norm_op1  c_w.l(btod.o)
    0x08001528   0x00000338   Code   RO         4496    CL$$btod_div_common  c_w.l(btod.o)
    0x08001860   0x000000c6   Code   RO         4493    CL$$btod_e2e        c_w.l(btod.o)
    0x08001926   0x00000028   Code   RO         4490    CL$$btod_ediv       c_w.l(btod.o)
    0x0800194e   0x00000028   Code   RO         4489    CL$$btod_emul       c_w.l(btod.o)
    0x08001976   0x00000244   Code   RO         4495    CL$$btod_mult_common  c_w.l(btod.o)
    0x08001bba   0x00000002   Code   RO          215    i.BusFault_Handler  stm32f10x_it.o
    0x08001bbc   0x00000010   Code   RO          339    i.ConfigureTimeForRunTimeStats  timer.o
    0x08001bcc   0x00000002   Code   RO          216    i.DebugMon_Handler  stm32f10x_it.o
    0x08001bce   0x00000006   Code   RO          694    i.Encoder_Count_Clear  encoder.o
    0x08001bd4   0x000000d8   Code   RO          695    i.Encoder_Count_Configuration  encoder.o
    0x08001cac   0x00000038   Code   RO          696    i.Encoder_Count_GPIO  encoder.o
    0x08001ce4   0x00000012   Code   RO          697    i.Encoder_Count_Init  encoder.o
    0x08001cf6   0x0000001e   Code   RO          698    i.Encoder_Count_RCC  encoder.o
    0x08001d14   0x00000012   Code   RO          699    i.Encoder_Value     encoder.o
    0x08001d26   0x00000002   PAD
    0x08001d28   0x00000034   Code   RO         1599    i.FreeRTOS_Task_Start  my_task.o
    0x08001d5c   0x0000009c   Code   RO         1903    i.GPIO_Init         stm32f10x_gpio.o
    0x08001df8   0x00000058   Code   RO         1905    i.GPIO_PinRemapConfig  stm32f10x_gpio.o
    0x08001e50   0x00000004   Code   RO         1910    i.GPIO_ResetBits    stm32f10x_gpio.o
    0x08001e54   0x00000004   Code   RO         1911    i.GPIO_SetBits      stm32f10x_gpio.o
    0x08001e58   0x00000002   Code   RO          217    i.HardFault_Handler  stm32f10x_it.o
    0x08001e5a   0x0000002e   Code   RO          422    i.LCD_Clear         lcd.o
    0x08001e88   0x00000180   Code   RO          424    i.LCD_DrawFont_GBK24  lcd.o
    0x08002008   0x0000001a   Code   RO          427    i.LCD_DrawPoint     lcd.o
    0x08002022   0x00000002   PAD
    0x08002024   0x00000074   Code   RO          428    i.LCD_GPIO_Init     lcd.o
    0x08002098   0x00000224   Code   RO          429    i.LCD_Init          lcd.o
    0x080022bc   0x00000028   Code   RO          431    i.LCD_Reset         lcd.o
    0x080022e4   0x00000058   Code   RO          432    i.LCD_SetRegion     lcd.o
    0x0800233c   0x00000020   Code   RO          435    i.LCD_WriteData     lcd.o
    0x0800235c   0x0000002c   Code   RO          436    i.LCD_WriteData_16Bit  lcd.o
    0x08002388   0x00000020   Code   RO          437    i.LCD_WriteIndex    lcd.o
    0x080023a8   0x0000002c   Code   RO          291    i.LED_Init          led.o
    0x080023d4   0x00000024   Code   RO          766    i.MPU6050_Data_read  motor.o
    0x080023f8   0x00000032   Code   RO         1368    i.MPU_Get_Gyroscope  mpu6050.o
    0x0800242a   0x00000002   PAD
    0x0800242c   0x0000003c   Code   RO         1444    i.MPU_IIC_Ack       mpuiic.o
    0x08002468   0x0000000c   Code   RO         1445    i.MPU_IIC_Delay     mpuiic.o
    0x08002474   0x00000038   Code   RO         1446    i.MPU_IIC_Init      mpuiic.o
    0x080024ac   0x0000003c   Code   RO         1447    i.MPU_IIC_NAck      mpuiic.o
    0x080024e8   0x00000060   Code   RO         1448    i.MPU_IIC_Read_Byte  mpuiic.o
    0x08002548   0x00000050   Code   RO         1449    i.MPU_IIC_Send_Byte  mpuiic.o
    0x08002598   0x0000003c   Code   RO         1450    i.MPU_IIC_Start     mpuiic.o
    0x080025d4   0x00000040   Code   RO         1451    i.MPU_IIC_Stop      mpuiic.o
    0x08002614   0x00000054   Code   RO         1452    i.MPU_IIC_Wait_Ack  mpuiic.o
    0x08002668   0x000000c0   Code   RO         1370    i.MPU_Init          mpu6050.o
    0x08002728   0x0000003a   Code   RO         1371    i.MPU_Read_Byte     mpu6050.o
    0x08002762   0x0000006a   Code   RO         1372    i.MPU_Read_Len      mpu6050.o
    0x080027cc   0x0000000a   Code   RO         1373    i.MPU_Set_Accel_Fsr  mpu6050.o
    0x080027d6   0x0000000a   Code   RO         1374    i.MPU_Set_Gyro_Fsr  mpu6050.o
    0x080027e0   0x00000030   Code   RO         1375    i.MPU_Set_LPF       mpu6050.o
    0x08002810   0x0000002e   Code   RO         1376    i.MPU_Set_Rate      mpu6050.o
    0x0800283e   0x0000003c   Code   RO         1377    i.MPU_Write_Byte    mpu6050.o
    0x0800287a   0x00000052   Code   RO         1378    i.MPU_Write_Len     mpu6050.o
    0x080028cc   0x00000048   Code   RO          611    i.MSG_Analyze_BT    remote_ctrl.o
    0x08002914   0x00000002   Code   RO          218    i.MemManage_Handler  stm32f10x_it.o
    0x08002916   0x00000002   PAD
    0x08002918   0x00000060   Code   RO          767    i.Moto_Ctrl         motor.o
    0x08002978   0x00000048   Code   RO          768    i.Moto_Speed_Read   motor.o
    0x080029c0   0x00000002   Code   RO          219    i.NMI_Handler       stm32f10x_it.o
    0x080029c2   0x00000002   PAD
    0x080029c4   0x00000064   Code   RO         1861    i.NVIC_Init         misc.o
    0x08002a28   0x00000014   Code   RO         1862    i.NVIC_PriorityGroupConfig  misc.o
    0x08002a3c   0x00000018   Code   RO         2037    i.RCC_APB1PeriphClockCmd  stm32f10x_rcc.o
    0x08002a54   0x00000018   Code   RO         2038    i.RCC_APB1PeriphResetCmd  stm32f10x_rcc.o
    0x08002a6c   0x00000018   Code   RO         2039    i.RCC_APB2PeriphClockCmd  stm32f10x_rcc.o
    0x08002a84   0x00000018   Code   RO         2040    i.RCC_APB2PeriphResetCmd  stm32f10x_rcc.o
    0x08002a9c   0x00000094   Code   RO         2047    i.RCC_GetClocksFreq  stm32f10x_rcc.o
    0x08002b30   0x00000034   Code   RO          441    i.SPI_WriteData     lcd.o
    0x08002b64   0x000000a8   Code   RO          260    i.SetSysClockTo72   system_stm32f10x.o
    0x08002c0c   0x000000a0   Code   RO          769    i.Smart_Car_Task    motor.o
    0x08002cac   0x00000018   Code   RO         1865    i.SysTick_CLKSourceConfig  misc.o
    0x08002cc4   0x00000014   Code   RO         1692    i.SysTick_Handler   delay.o
    0x08002cd8   0x00000050   Code   RO          262    i.SystemInit        system_stm32f10x.o
    0x08002d28   0x0000006c   Code   RO         2415    i.TI1_Config        stm32f10x_tim.o
    0x08002d94   0x0000007c   Code   RO         2416    i.TI2_Config        stm32f10x_tim.o
    0x08002e10   0x000000e4   Code   RO         1540    i.TIM1_PWM_Init     pwm.o
    0x08002ef4   0x0000003c   Code   RO          341    i.TIM6_IRQHandler   timer.o
    0x08002f30   0x00000044   Code   RO          344    i.TIM7_Configuration  timer.o
    0x08002f74   0x00000020   Code   RO          345    i.TIM7_IRQHandler   timer.o
    0x08002f94   0x0000002a   Code   RO          346    i.TIM7_NVIC_Configuration  timer.o
    0x08002fbe   0x00000008   Code   RO          347    i.TIM7_RCC_Configuration  timer.o
    0x08002fc6   0x00000014   Code   RO         2417    i.TIM_ARRPreloadConfig  stm32f10x_tim.o
    0x08002fda   0x00000006   Code   RO         2424    i.TIM_ClearITPendingBit  stm32f10x_tim.o
    0x08002fe0   0x00000014   Code   RO         2429    i.TIM_Cmd           stm32f10x_tim.o
    0x08002ff4   0x00000016   Code   RO         2431    i.TIM_CtrlPWMOutputs  stm32f10x_tim.o
    0x0800300a   0x00000032   Code   RO         2438    i.TIM_EncoderInterfaceConfig  stm32f10x_tim.o
    0x0800303c   0x0000012c   Code   RO         2452    i.TIM_ICInit        stm32f10x_tim.o
    0x08003168   0x00000010   Code   RO         2453    i.TIM_ICStructInit  stm32f10x_tim.o
    0x08003178   0x00000010   Code   RO         2454    i.TIM_ITConfig      stm32f10x_tim.o
    0x08003188   0x0000007c   Code   RO         2468    i.TIM_OC3Init       stm32f10x_tim.o
    0x08003204   0x0000000c   Code   RO         2471    i.TIM_OC3PreloadConfig  stm32f10x_tim.o
    0x08003210   0x00000064   Code   RO         2473    i.TIM_OC4Init       stm32f10x_tim.o
    0x08003274   0x00000014   Code   RO         2475    i.TIM_OC4PreloadConfig  stm32f10x_tim.o
    0x08003288   0x00000004   Code   RO         2488    i.TIM_SetAutoreload  stm32f10x_tim.o
    0x0800328c   0x00000004   Code   RO         2492    i.TIM_SetCompare3   stm32f10x_tim.o
    0x08003290   0x00000006   Code   RO         2493    i.TIM_SetCompare4   stm32f10x_tim.o
    0x08003296   0x00000010   Code   RO         2495    i.TIM_SetIC1Prescaler  stm32f10x_tim.o
    0x080032a6   0x00000018   Code   RO         2496    i.TIM_SetIC2Prescaler  stm32f10x_tim.o
    0x080032be   0x00000010   Code   RO         2497    i.TIM_SetIC3Prescaler  stm32f10x_tim.o
    0x080032ce   0x00000018   Code   RO         2498    i.TIM_SetIC4Prescaler  stm32f10x_tim.o
    0x080032e6   0x00000002   PAD
    0x080032e8   0x0000009c   Code   RO         2500    i.TIM_TimeBaseInit  stm32f10x_tim.o
    0x08003384   0x000000ec   Code   RO          612    i.UI                remote_ctrl.o
    0x08003470   0x00000030   Code   RO         1769    i.USART1_IRQHandler  usart.o
    0x080034a0   0x00000094   Code   RO         1552    i.USART2_IRQHandler  usart2.o
    0x08003534   0x000000b4   Code   RO         1553    i.USART2_WIFI_CTRL  usart2.o
    0x080035e8   0x00000014   Code   RO         2239    i.USART_Cmd         stm32f10x_usart.o
    0x080035fc   0x000000b4   Code   RO         1770    i.USART_Config      usart.o
    0x080036b0   0x00000074   Code   RO         2241    i.USART_DeInit      stm32f10x_usart.o
    0x08003724   0x0000000e   Code   RO         2242    i.USART_GetFlagStatus  stm32f10x_usart.o
    0x08003732   0x0000003e   Code   RO         2243    i.USART_GetITStatus  stm32f10x_usart.o
    0x08003770   0x00000030   Code   RO         2245    i.USART_ITConfig    stm32f10x_usart.o
    0x080037a0   0x000000ac   Code   RO         2246    i.USART_Init        stm32f10x_usart.o
    0x0800384c   0x00000008   Code   RO         2253    i.USART_ReceiveData  stm32f10x_usart.o
    0x08003854   0x00000008   Code   RO         2256    i.USART_SendData    stm32f10x_usart.o
    0x0800385c   0x00000002   Code   RO          220    i.UsageFault_Handler  stm32f10x_it.o
    0x0800385e   0x00000028   Code   RO         4433    i.__ARM_fpclassify  m_ws.l(fpclassify.o)
    0x08003886   0x000000aa   Code   RO         4435    i.__kernel_poly     m_ws.l(poly.o)
    0x08003930   0x00000006   Code   RO         4420    i.__mathlib_dbl_infnan  m_ws.l(dunder.o)
    0x08003936   0x00000004   Code   RO         4421    i.__mathlib_dbl_infnan2  m_ws.l(dunder.o)
    0x0800393a   0x0000000c   Code   RO         4422    i.__mathlib_dbl_invalid  m_ws.l(dunder.o)
    0x08003946   0x00000002   PAD
    0x08003948   0x00000010   Code   RO         4425    i.__mathlib_dbl_underflow  m_ws.l(dunder.o)
    0x08003958   0x0000000e   Code   RO         4226    i._is_digit         c_w.l(__printf_wp.o)
    0x08003966   0x00000002   Code   RO         1775    i._sys_exit         usart.o
    0x08003968   0x00000008   Code   RO         1600    i.api_task          my_task.o
    0x08003970   0x00000008   Code   RO         1601    i.apitime_task      my_task.o
    0x08003978   0x00000270   Code   RO         4322    i.asin              m_ws.l(asin.o)
    0x08003be8   0x00000220   Code   RO         4410    i.atan              m_ws.l(atan.o)
    0x08003e08   0x00000180   Code   RO         4332    i.atan2             m_ws.l(atan2.o)
    0x08003f88   0x00000038   Code   RO          641    i.begstp_Init       begstp.o
    0x08003fc0   0x00000048   Code   RO         1693    i.delay_init        delay.o
    0x08004008   0x00000038   Code   RO         1694    i.delay_ms          delay.o
    0x08004040   0x00000034   Code   RO         1695    i.delay_us          delay.o
    0x08004074   0x0000001a   Code   RO         1696    i.delay_xms         delay.o
    0x0800408e   0x0000003a   Code   RO         1190    i.dmp_enable_6x_lp_quat  inv_mpu_dmp_motion_driver.o
    0x080040c8   0x000001dc   Code   RO         1191    i.dmp_enable_feature  inv_mpu_dmp_motion_driver.o
    0x080042a4   0x00000038   Code   RO         1192    i.dmp_enable_gyro_cal  inv_mpu_dmp_motion_driver.o
    0x080042dc   0x0000003a   Code   RO         1193    i.dmp_enable_lp_quat  inv_mpu_dmp_motion_driver.o
    0x08004316   0x00000002   PAD
    0x08004318   0x00000014   Code   RO         1198    i.dmp_load_motion_driver_firmware  inv_mpu_dmp_motion_driver.o
    0x0800432c   0x00000148   Code   RO         1199    i.dmp_read_fifo     inv_mpu_dmp_motion_driver.o
    0x08004474   0x00000064   Code   RO         1203    i.dmp_set_fifo_rate  inv_mpu_dmp_motion_driver.o
    0x080044d8   0x0000010c   Code   RO         1206    i.dmp_set_orientation  inv_mpu_dmp_motion_driver.o
    0x080045e4   0x00000030   Code   RO         1209    i.dmp_set_shake_reject_thresh  inv_mpu_dmp_motion_driver.o
    0x08004614   0x00000020   Code   RO         1210    i.dmp_set_shake_reject_time  inv_mpu_dmp_motion_driver.o
    0x08004634   0x00000020   Code   RO         1211    i.dmp_set_shake_reject_timeout  inv_mpu_dmp_motion_driver.o
    0x08004654   0x00000040   Code   RO         1212    i.dmp_set_tap_axes  inv_mpu_dmp_motion_driver.o
    0x08004694   0x00000022   Code   RO         1213    i.dmp_set_tap_count  inv_mpu_dmp_motion_driver.o
    0x080046b6   0x00000002   PAD
    0x080046b8   0x00000128   Code   RO         1214    i.dmp_set_tap_thresh  inv_mpu_dmp_motion_driver.o
    0x080047e0   0x00000020   Code   RO         1215    i.dmp_set_tap_time  inv_mpu_dmp_motion_driver.o
    0x08004800   0x00000020   Code   RO         1216    i.dmp_set_tap_time_multi  inv_mpu_dmp_motion_driver.o
    0x08004820   0x00000010   Code   RO          736    i.esp8266_send_cmd1  esp8266.o
    0x08004830   0x000000c0   Code   RO          737    i.esp8266_start_trans  esp8266.o
    0x080048f0   0x00000034   Code   RO          642    i.forward           begstp.o
    0x08004924   0x00000024   Code   RO         1777    i.fputc             usart.o
    0x08004948   0x00000022   Code   RO          867    i.inv_orientation_matrix_to_scalar  inv_mpu.o
    0x0800496a   0x00000048   Code   RO          868    i.inv_row_2_scale   inv_mpu.o
    0x080049b2   0x00000002   PAD
    0x080049b4   0x000000c4   Code   RO         1602    i.lcd_task          my_task.o
    0x08004a78   0x00000008   Code   RO         1603    i.led_task          my_task.o
    0x08004a80   0x00000088   Code   RO            1    i.main              main.o
    0x08004b08   0x00000002   Code   RO          869    i.mget_ms           inv_mpu.o
    0x08004b0a   0x00000008   Code   RO         1604    i.moto_task         my_task.o
    0x08004b12   0x00000002   PAD
    0x08004b14   0x00000020   Code   RO          643    i.motor1_backfoward  begstp.o
    0x08004b34   0x00000020   Code   RO          644    i.motor1_forward    begstp.o
    0x08004b54   0x00000020   Code   RO          645    i.motor2_backfoward  begstp.o
    0x08004b74   0x00000020   Code   RO          646    i.motor2_forward    begstp.o
    0x08004b94   0x00000058   Code   RO          870    i.mpu_configure_fifo  inv_mpu.o
    0x08004bec   0x0000019c   Code   RO          871    i.mpu_dmp_get_data  inv_mpu.o
    0x08004d88   0x00000098   Code   RO          872    i.mpu_dmp_init      inv_mpu.o
    0x08004e20   0x0000003c   Code   RO          873    i.mpu_get_accel_fsr  inv_mpu.o
    0x08004e5c   0x00000188   Code   RO          889    i.mpu_init          inv_mpu.o
    0x08004fe4   0x000000a4   Code   RO          890    i.mpu_load_firmware  inv_mpu.o
    0x08005088   0x000000b8   Code   RO          891    i.mpu_lp_accel_mode  inv_mpu.o
    0x08005140   0x00000090   Code   RO          894    i.mpu_read_fifo_stream  inv_mpu.o
    0x080051d0   0x00000054   Code   RO          895    i.mpu_read_mem      inv_mpu.o
    0x08005224   0x0000015c   Code   RO          898    i.mpu_reset_fifo    inv_mpu.o
    0x08005380   0x00000068   Code   RO          901    i.mpu_set_accel_fsr  inv_mpu.o
    0x080053e8   0x000000dc   Code   RO          902    i.mpu_set_bypass    inv_mpu.o
    0x080054c4   0x00000078   Code   RO          904    i.mpu_set_dmp_state  inv_mpu.o
    0x0800553c   0x0000006c   Code   RO          905    i.mpu_set_gyro_fsr  inv_mpu.o
    0x080055a8   0x00000064   Code   RO          906    i.mpu_set_int_latched  inv_mpu.o
    0x0800560c   0x0000006c   Code   RO          908    i.mpu_set_lpf       inv_mpu.o
    0x08005678   0x00000078   Code   RO          909    i.mpu_set_sample_rate  inv_mpu.o
    0x080056f0   0x000000b8   Code   RO          910    i.mpu_set_sensors   inv_mpu.o
    0x080057a8   0x00000054   Code   RO          911    i.mpu_write_mem     inv_mpu.o
    0x080057fc   0x00000008   Code   RO          772    i.my_abs            motor.o
    0x08005804   0x0000003c   Code   RO         3123    i.my_mem_init       malloc.o
    0x08005840   0x00000038   Code   RO         3125    i.my_mem_perused    malloc.o
    0x08005878   0x0000000c   Code   RO         3129    i.mymemset          malloc.o
    0x08005884   0x00000070   Code   RO         3569    i.prvAddCurrentTaskToDelayedList  tasks.o
    0x080058f4   0x000000d0   Code   RO         3570    i.prvAddNewTaskToReadyList  tasks.o
    0x080059c4   0x00000050   Code   RO         3925    i.prvCheckForValidListAndQueue  timers.o
    0x08005a14   0x00000054   Code   RO         3571    i.prvCheckTasksWaitingTermination  tasks.o
    0x08005a68   0x00000026   Code   RO         3351    i.prvCopyDataFromQueue  queue.o
    0x08005a8e   0x0000006c   Code   RO         3352    i.prvCopyDataToQueue  queue.o
    0x08005afa   0x00000014   Code   RO         3572    i.prvDeleteTCB      tasks.o
    0x08005b0e   0x00000002   PAD
    0x08005b10   0x0000004c   Code   RO         4045    i.prvHeapInit       heap_4.o
    0x08005b5c   0x00000028   Code   RO         3573    i.prvIdleTask       tasks.o
    0x08005b84   0x000000c0   Code   RO         3574    i.prvInitialiseNewTask  tasks.o
    0x08005c44   0x0000004c   Code   RO         4046    i.prvInsertBlockIntoFreeList  heap_4.o
    0x08005c90   0x00000038   Code   RO         3926    i.prvInsertTimerInActiveList  timers.o
    0x08005cc8   0x0000001a   Code   RO         3353    i.prvIsQueueEmpty   queue.o
    0x08005ce2   0x00000002   PAD
    0x08005ce4   0x00000090   Code   RO         3354    i.prvNotifyQueueSetContainer  queue.o
    0x08005d74   0x00000060   Code   RO         3927    i.prvProcessExpiredTimer  timers.o
    0x08005dd4   0x000000f0   Code   RO         3928    i.prvProcessReceivedCommands  timers.o
    0x08005ec4   0x0000006c   Code   RO         3929    i.prvProcessTimerOrBlockTask  timers.o
    0x08005f30   0x00000020   Code   RO         3576    i.prvResetNextTaskUnblockTime  tasks.o
    0x08005f50   0x00000028   Code   RO         3930    i.prvSampleTimeNow  timers.o
    0x08005f78   0x0000006c   Code   RO         3931    i.prvSwitchTimerLists  timers.o
    0x08005fe4   0x00000064   Code   RO         4095    i.prvTaskExitError  port.o
    0x08006048   0x00000028   Code   RO         3932    i.prvTimerTask      timers.o
    0x08006070   0x00000078   Code   RO         3355    i.prvUnlockQueue    queue.o
    0x080060e8   0x00000114   Code   RO         4047    i.pvPortMalloc      heap_4.o
    0x080061fc   0x00000018   Code   RO         3579    i.pvTaskIncrementMutexHeldCount  tasks.o
    0x08006214   0x00000024   Code   RO         4096    i.pxPortInitialiseStack  port.o
    0x08006238   0x00000054   Code   RO          913    i.set_int_enable    inv_mpu.o
    0x0800628c   0x00000034   Code   RO         1605    i.speed_task        my_task.o
    0x080062c0   0x0000004c   Code   RO         4439    i.sqrt              m_ws.l(sqrt.o)
    0x0800630c   0x00000160   Code   RO         1606    i.start_task        my_task.o
    0x0800646c   0x000000c4   Code   RO          773    i.sudu              motor.o
    0x08006530   0x00000012   Code   RO          349    i.time7_init        timer.o
    0x08006542   0x00000002   PAD
    0x08006544   0x0000004c   Code   RO         1554    i.u2_printf         usart2.o
    0x08006590   0x00000024   Code   RO         1607    i.ui_task           my_task.o
    0x080065b4   0x000000b4   Code   RO         1555    i.usart2_init       usart2.o
    0x08006668   0x00000024   Code   RO         1608    i.usart2_task       my_task.o
    0x0800668c   0x00000024   Code   RO         3314    i.uxListRemove      list.o
    0x080066b0   0x00000016   Code   RO         3315    i.vListInitialise   list.o
    0x080066c6   0x00000006   Code   RO         3316    i.vListInitialiseItem  list.o
    0x080066cc   0x00000030   Code   RO         3317    i.vListInsert       list.o
    0x080066fc   0x00000018   Code   RO         3318    i.vListInsertEnd    list.o
    0x08006714   0x00000078   Code   RO         4098    i.vPortEnterCritical  port.o
    0x0800678c   0x00000064   Code   RO         4099    i.vPortExitCritical  port.o
    0x080067f0   0x0000009c   Code   RO         4048    i.vPortFree         heap_4.o
    0x0800688c   0x00000020   Code   RO         4100    i.vPortSetupTimerInterrupt  port.o
    0x080068ac   0x0000008c   Code   RO         4101    i.vPortValidateInterruptPriority  port.o
    0x08006938   0x00000024   Code   RO         3361    i.vQueueAddToRegistry  queue.o
    0x0800695c   0x00000044   Code   RO         3365    i.vQueueWaitForMessageRestricted  queue.o
    0x080069a0   0x0000006c   Code   RO         3587    i.vTaskDelay        tasks.o
    0x08006a0c   0x000000cc   Code   RO         3589    i.vTaskDelete       tasks.o
    0x08006ad8   0x0000000c   Code   RO         3594    i.vTaskMissedYield  tasks.o
    0x08006ae4   0x00000054   Code   RO         3596    i.vTaskPlaceOnEventList  tasks.o
    0x08006b38   0x0000005c   Code   RO         3597    i.vTaskPlaceOnEventListRestricted  tasks.o
    0x08006b94   0x00000084   Code   RO         3599    i.vTaskPriorityInherit  tasks.o
    0x08006c18   0x00000048   Code   RO         3603    i.vTaskSetTimeOutState  tasks.o
    0x08006c60   0x00000098   Code   RO         3604    i.vTaskStartScheduler  tasks.o
    0x08006cf8   0x00000010   Code   RO         3606    i.vTaskSuspendAll   tasks.o
    0x08006d08   0x0000009c   Code   RO         3607    i.vTaskSwitchContext  tasks.o
    0x08006da4   0x00000078   Code   RO         4102    i.xPortStartScheduler  port.o
    0x08006e1c   0x0000002c   Code   RO         4103    i.xPortSysTickHandler  port.o
    0x08006e48   0x00000078   Code   RO         3370    i.xQueueGenericCreate  queue.o
    0x08006ec0   0x00000184   Code   RO         3371    i.xQueueGenericReceive  queue.o
    0x08007044   0x000000a8   Code   RO         3372    i.xQueueGenericReset  queue.o
    0x080070ec   0x00000188   Code   RO         3373    i.xQueueGenericSend  queue.o
    0x08007274   0x000000e0   Code   RO         3374    i.xQueueGenericSendFromISR  queue.o
    0x08007354   0x000000c8   Code   RO         3375    i.xQueueGiveFromISR  queue.o
    0x0800741c   0x00000088   Code   RO         3608    i.xTaskCheckForTimeOut  tasks.o
    0x080074a4   0x00000056   Code   RO         3609    i.xTaskCreate       tasks.o
    0x080074fa   0x00000002   PAD
    0x080074fc   0x0000001c   Code   RO         3613    i.xTaskGetSchedulerState  tasks.o
    0x08007518   0x0000000c   Code   RO         3614    i.xTaskGetTickCount  tasks.o
    0x08007524   0x000000e8   Code   RO         3616    i.xTaskIncrementTick  tasks.o
    0x0800760c   0x000000b4   Code   RO         3619    i.xTaskPriorityDisinherit  tasks.o
    0x080076c0   0x00000098   Code   RO         3620    i.xTaskRemoveFromEventList  tasks.o
    0x08007758   0x000000e4   Code   RO         3622    i.xTaskResumeAll    tasks.o
    0x0800783c   0x00000074   Code   RO         3935    i.xTimerCreate      timers.o
    0x080078b0   0x00000074   Code   RO         3936    i.xTimerCreateTimerTask  timers.o
    0x08007924   0x00000090   Code   RO         3937    i.xTimerGenericCommand  timers.o
    0x080079b4   0x00000038   Code   RO          774    i.zhili             motor.o
    0x080079ec   0x00000020   Code   RO          775    i.zhuan             motor.o
    0x08007a0c   0x0000002c   Code   RO         4515    locale$$code        c_w.l(lc_numeric_c.o)
    0x08007a38   0x0000002c   Code   RO         4598    locale$$code        c_w.l(lc_ctype_c.o)
    0x08007a64   0x00000062   Code   RO         4261    x$fpl$d2f           fz_ws.l(d2f.o)
    0x08007ac6   0x00000002   PAD
    0x08007ac8   0x00000150   Code   RO         4263    x$fpl$dadd          fz_ws.l(daddsub_clz.o)
    0x08007c18   0x00000010   Code   RO         4517    x$fpl$dcheck1       fz_ws.l(dcheck1.o)
    0x08007c28   0x000002b0   Code   RO         4270    x$fpl$ddiv          fz_ws.l(ddiv.o)
    0x08007ed8   0x0000005e   Code   RO         4273    x$fpl$dfix          fz_ws.l(dfix.o)
    0x08007f36   0x0000002e   Code   RO         4278    x$fpl$dflt          fz_ws.l(dflt_clz.o)
    0x08007f64   0x00000154   Code   RO         4283    x$fpl$dmul          fz_ws.l(dmul.o)
    0x080080b8   0x0000009c   Code   RO         4394    x$fpl$dnaninf       fz_ws.l(dnaninf.o)
    0x08008154   0x0000000c   Code   RO         4396    x$fpl$dretinf       fz_ws.l(dretinf.o)
    0x08008160   0x00000016   Code   RO         4264    x$fpl$drsb          fz_ws.l(daddsub_clz.o)
    0x08008176   0x00000002   PAD
    0x08008178   0x000001cc   Code   RO         4521    x$fpl$dsqrt         fz_ws.l(dsqrt_noumaal.o)
    0x08008344   0x000001d4   Code   RO         4265    x$fpl$dsub          fz_ws.l(daddsub_clz.o)
    0x08008518   0x00000056   Code   RO         4285    x$fpl$f2d           fz_ws.l(f2d.o)
    0x0800856e   0x00000002   PAD
    0x08008570   0x000000c4   Code   RO         4287    x$fpl$fadd          fz_ws.l(faddsub_clz.o)
    0x08008634   0x0000000c   Code   RO         4398    x$fpl$fcheck1       fz_ws.l(fcheck1.o)
    0x08008640   0x00000184   Code   RO         4294    x$fpl$fdiv          fz_ws.l(fdiv.o)
    0x080087c4   0x00000036   Code   RO         4297    x$fpl$ffix          fz_ws.l(ffix.o)
    0x080087fa   0x00000002   PAD
    0x080087fc   0x0000003e   Code   RO         4301    x$fpl$ffixu         fz_ws.l(ffixu.o)
    0x0800883a   0x00000002   PAD
    0x0800883c   0x00000030   Code   RO         4306    x$fpl$fflt          fz_ws.l(fflt_clz.o)
    0x0800886c   0x00000026   Code   RO         4305    x$fpl$ffltu         fz_ws.l(fflt_clz.o)
    0x08008892   0x00000002   PAD
    0x08008894   0x00000102   Code   RO         4313    x$fpl$fmul          fz_ws.l(fmul.o)
    0x08008996   0x0000008c   Code   RO         4402    x$fpl$fnaninf       fz_ws.l(fnaninf.o)
    0x08008a22   0x0000000a   Code   RO         4404    x$fpl$fretinf       fz_ws.l(fretinf.o)
    0x08008a2c   0x00000014   Code   RO         4288    x$fpl$frsb          fz_ws.l(faddsub_clz.o)
    0x08008a40   0x000000ea   Code   RO         4289    x$fpl$fsub          fz_ws.l(faddsub_clz.o)
    0x08008b2a   0x00000004   Code   RO         4317    x$fpl$printf1       fz_ws.l(printf1.o)
    0x08008b2e   0x00000064   Code   RO         4525    x$fpl$retnan        fz_ws.l(retnan.o)
    0x08008b92   0x0000005c   Code   RO         4406    x$fpl$scalbn        fz_ws.l(scalbn.o)
    0x08008bee   0x0000004c   Code   RO         4319    x$fpl$scalbnf       fz_ws.l(scalbnf.o)
    0x08008c3a   0x00000030   Code   RO         4593    x$fpl$trapveneer    fz_ws.l(trapv.o)
    0x08008c6a   0x00000000   Code   RO         4408    x$fpl$usenofp       fz_ws.l(usenofp.o)
    0x08008c6a   0x000017da   Data   RO          442    .constdata          lcd.o
    0x0800a444   0x0000001b   Data   RO          915    .constdata          inv_mpu.o
    0x0800a45f   0x00000001   PAD
    0x0800a460   0x0000000c   Data   RO          916    .constdata          inv_mpu.o
    0x0800a46c   0x00000028   Data   RO          917    .constdata          inv_mpu.o
    0x0800a494   0x00000bf6   Data   RO         1218    .constdata          inv_mpu_dmp_motion_driver.o
    0x0800b08a   0x00000002   PAD
    0x0800b08c   0x00000018   Data   RO         3135    .constdata          malloc.o
    0x0800b0a4   0x00000028   Data   RO         4214    .constdata          c_w.l(_printf_hex_int_ll_ptr.o)
    0x0800b0cc   0x00000011   Data   RO         4234    .constdata          c_w.l(__printf_flags_ss_wp.o)
    0x0800b0dd   0x00000003   PAD
    0x0800b0e0   0x00000050   Data   RO         4323    .constdata          m_ws.l(asin.o)
    0x0800b130   0x00000008   Data   RO         4363    .constdata          c_w.l(_printf_wctomb.o)
    0x0800b138   0x00000098   Data   RO         4411    .constdata          m_ws.l(atan.o)
    0x0800b1d0   0x00000008   Data   RO         4437    .constdata          m_ws.l(qnan.o)
    0x0800b1d8   0x00000094   Data   RO         4484    .constdata          c_w.l(bigflt0.o)
    0x0800b26c   0x0000004d   Data   RO          918    .conststring        inv_mpu.o
    0x0800b2b9   0x00000003   PAD
    0x0800b2bc   0x00000020   Data   RO         4676    Region$$Table       anon$$obj.o
    0x0800b2dc   0x0000001c   Data   RO         4514    locale$$data        c_w.l(lc_numeric_c.o)
    0x0800b2f8   0x00000110   Data   RO         4597    locale$$data        c_w.l(lc_ctype_c.o)


    Execution Region ER_RW (Base: 0x20000000, Size: 0x00000250, Max: 0xffffffff, ABSOLUTE, COMPRESSED[0x000000bc])

    Base Addr    Size         Type   Attr      Idx    E Section Name        Object

    0x20000000   0x00000014   Data   RW          263    .data               system_stm32f10x.o
    0x20000014   0x00000004   PAD
    0x20000018   0x00000010   Data   RW          350    .data               timer.o
    0x20000028   0x00000010   Data   RW          613    .data               remote_ctrl.o
    0x20000038   0x00000063   Data   RW          738    .data               esp8266.o
    0x2000009b   0x00000001   PAD
    0x2000009c   0x00000098   Data   RW          782    .data               motor.o
    0x20000134   0x00000035   Data   RW          919    .data               inv_mpu.o
    0x20000169   0x00000001   PAD
    0x2000016a   0x00000004   Data   RW         1557    .data               usart2.o
    0x2000016e   0x00000002   PAD
    0x20000170   0x0000002c   Data   RW         1612    .data               my_task.o
    0x2000019c   0x00000004   Data   RW         1697    .data               delay.o
    0x200001a0   0x00000004   Data   RW         1780    .data               usart.o
    0x200001a4   0x00000014   Data   RW         2067    .data               stm32f10x_rcc.o
    0x200001b8   0x0000001c   Data   RW         3136    .data               malloc.o
    0x200001d4   0x00000044   Data   RW         3625    .data               tasks.o
    0x20000218   0x00000014   Data   RW         3945    .data               timers.o
    0x2000022c   0x00000018   Data   RW         4053    .data               heap_4.o
    0x20000244   0x0000000c   Data   RW         4104    .data               port.o


    Execution Region ER_ZI (Base: 0x20000250, Size: 0x0000b3c0, Max: 0xffffffff, ABSOLUTE)

    Base Addr    Size         Type   Attr      Idx    E Section Name        Object

    0x20000250   0x00000014   Zero   RW          777    .bss                motor.o
    0x20000264   0x00000014   Zero   RW          778    .bss                motor.o
    0x20000278   0x00000014   Zero   RW          779    .bss                motor.o
    0x2000028c   0x00000010   Zero   RW         1217    .bss                inv_mpu_dmp_motion_driver.o
    0x2000029c   0x000004b0   Zero   RW         1556    .bss                usart2.o
    0x2000074c   0x00000014   PAD
    0x20000760   0x00005000   Zero   RW         3133    .bss                malloc.o
    0x20005760   0x00000500   Zero   RW         3134    .bss                malloc.o
    0x20005c60   0x00000040   Zero   RW         3385    .bss                queue.o
    0x20005ca0   0x000002e4   Zero   RW         3624    .bss                tasks.o
    0x20005f84   0x00000028   Zero   RW         3944    .bss                timers.o
    0x20005fac   0x00005000   Zero   RW         4052    .bss                heap_4.o
    0x2000afac   0x00000060   Zero   RW         4528    .bss                c_w.l(libspace.o)
    0x2000b00c   0x00000004   PAD
    0x2000b010   0x00000200   Zero   RW         1855    HEAP                startup_stm32f10x_hd.o
    0x2000b210   0x00000400   Zero   RW         1854    STACK               startup_stm32f10x_hd.o



  Load Region LR$$.ARM.__AT_0x68000000 (Base: 0x68000000, Size: 0x00000000, Max: 0x000f0000, ABSOLUTE)

    Execution Region ER$$.ARM.__AT_0x68000000 (Base: 0x68000000, Size: 0x000f0000, Max: 0x000f0000, ABSOLUTE, UNINIT)

    Base Addr    Size         Type   Attr      Idx    E Section Name        Object

    0x68000000   0x000f0000   Zero   RW         3131    .ARM.__AT_0x68000000  malloc.o



  Load Region LR$$.ARM.__AT_0x680F0000 (Base: 0x680f0000, Size: 0x00000000, Max: 0x0000f000, ABSOLUTE)

    Execution Region ER$$.ARM.__AT_0x680F0000 (Base: 0x680f0000, Size: 0x0000f000, Max: 0x0000f000, ABSOLUTE, UNINIT)

    Base Addr    Size         Type   Attr      Idx    E Section Name        Object

    0x680f0000   0x0000f000   Zero   RW         3132    .ARM.__AT_0x680F0000  malloc.o


==============================================================================

Image component sizes


      Code (inc. data)   RO Data    RW Data    ZI Data      Debug   Object Name

       236         32          0          0          0       3190   begstp.o
       226         20          0          4          0       3025   delay.o
       344         10          0          0          0       3886   encoder.o
       208         14          0         99          0       2128   esp8266.o
         0          0          0          0          0      11960   event_groups.o
       584        138          0         24      20480       3919   heap_4.o
      3368        176        156         53          0      22012   inv_mpu.o
      1934        102       3062          0         16      18037   inv_mpu_dmp_motion_driver.o
      1408         40       6106          0          0       8152   lcd.o
        44          6          0          0          0     205383   led.o
       136          0          0          0          0       3082   list.o
       136         18          0          0          0      63651   main.o
       128         18         24         28    1066240       3463   malloc.o
       144         16          0          0          0       2125   misc.o
       656         66          0        152         60       7608   motor.o
       662         14          0          0          0       6769   mpu6050.o
       572         70          0          0          0       5618   mpuiic.o
       756        236          0         44          0       7365   my_task.o
       842        312          0         12          0      10517   port.o
       228          8          0          0          0        760   pwm.o
      2032        274          0          0         64      12653   queue.o
       308         52          0         16          0       1920   remote_ctrl.o
        64         26        304          0       1536        828   startup_stm32f10x_hd.o
       252          6          0          0          0       3666   stm32f10x_gpio.o
        12          0          0          0          0       2729   stm32f10x_it.o
       244         40          0         20          0       5740   stm32f10x_rcc.o
      1188        124          0          0          0      14662   stm32f10x_tim.o
       448         26          0          0          0       6708   stm32f10x_usart.o
         0          0          0          0          0         32   sys.o
       248         24          0         20          0       1905   system_stm32f10x.o
      2794        674          0         68        740      28891   tasks.o
       244         26          0         16          0       4686   timer.o
      1144        260          0         20         40       9130   timers.o
       266         20          0          4          0       4532   usart.o
       584         98          0          4       1200       4284   usart2.o

    ----------------------------------------------------------------------
     22470       2946       9690        592    1090396     495016   Object Totals
         0          0         32          0          0          0   (incl. Generated)
        30          0          6          8         20          0   (incl. Padding)

    ----------------------------------------------------------------------

      Code (inc. data)   RO Data    RW Data    ZI Data      Debug   Library Member Name

        24          4          0          0          0         84   __2printf.o
        44          6          0          0          0         84   __2sprintf.o
        90          0          0          0          0          0   __dczerorl2.o
         8          0          0          0          0         68   __main.o
       392          4         17          0          0         92   __printf_flags_ss_wp.o
        14          0          0          0          0         68   __printf_wp.o
         0          0          0          0          0          0   __rtentry.o
        12          0          0          0          0          0   __rtentry2.o
         6          0          0          0          0          0   __rtentry4.o
        52          8          0          0          0          0   __scatter.o
        28          0          0          0          0          0   __scatter_zi.o
         6          0          0          0          0          0   _printf_a.o
         6          0          0          0          0          0   _printf_c.o
        44          0          0          0          0        108   _printf_char.o
        48          6          0          0          0         96   _printf_char_common.o
        36          4          0          0          0         80   _printf_char_file.o
        40          0          0          0          0         68   _printf_charcount.o
         6          0          0          0          0          0   _printf_d.o
       120         16          0          0          0         92   _printf_dec.o
         6          0          0          0          0          0   _printf_e.o
         6          0          0          0          0          0   _printf_f.o
      1050          0          0          0          0        216   _printf_fp_dec.o
       128         16          0          0          0         84   _printf_fp_infnan.o
         6          0          0          0          0          0   _printf_g.o
       148          4         40          0          0        160   _printf_hex_int_ll_ptr.o
         6          0          0          0          0          0   _printf_i.o
       178          0          0          0          0         88   _printf_intcommon.o
        10          0          0          0          0          0   _printf_l.o
         6          0          0          0          0          0   _printf_lc.o
        10          0          0          0          0          0   _printf_ll.o
         6          0          0          0          0          0   _printf_lld.o
         6          0          0          0          0          0   _printf_lli.o
         6          0          0          0          0          0   _printf_llo.o
         6          0          0          0          0          0   _printf_llu.o
         6          0          0          0          0          0   _printf_llx.o
       124         16          0          0          0         92   _printf_longlong_dec.o
         6          0          0          0          0          0   _printf_ls.o
         6          0          0          0          0          0   _printf_n.o
         6          0          0          0          0          0   _printf_o.o
       112          8          0          0          0        124   _printf_oct_int_ll.o
         6          0          0          0          0          0   _printf_p.o
        78          0          0          0          0        108   _printf_pad.o
         0          0          0          0          0          0   _printf_percent.o
         4          0          0          0          0          0   _printf_percent_end.o
         6          0          0          0          0          0   _printf_s.o
        82          0          0          0          0         80   _printf_str.o
        36          0          0          0          0         84   _printf_truncate.o
         6          0          0          0          0          0   _printf_u.o
        44          0          0          0          0        108   _printf_wchar.o
       188          6          8          0          0         92   _printf_wctomb.o
         6          0          0          0          0          0   _printf_x.o
        22          0          0          0          0        100   _rserrno.o
        10          0          0          0          0         68   _sputc.o
        64          0          0          0          0         92   _wcrtomb.o
        16          0          0          0          0         68   aeabi_memset.o
       220          4        148          0          0         96   bigflt0.o
      1910        128          0          0          0        672   btod.o
        36          4          0          0          0         76   c89vsprintf.o
        12          0          0          0          0         72   exit.o
         8          0          0          0          0         68   ferror.o
         6          0          0          0          0        152   heapauxi.o
        44         10        272          0          0         76   lc_ctype_c.o
        44         10         28          0          0         76   lc_numeric_c.o
         2          0          0          0          0          0   libinit.o
        30          0          0          0          0          0   libinit2.o
         2          0          0          0          0          0   libshutdown.o
         2          0          0          0          0          0   libshutdown2.o
         8          4          0          0         96         68   libspace.o
       138          0          0          0          0         80   lludiv10.o
        88          0          0          0          0         76   memcmp.o
        16          4          0          0          0         76   rt_ctype_table.o
         8          4          0          0          0         68   rt_errno_addr_intlibspace.o
         8          4          0          0          0         68   rt_locale_intlibspace.o
        68          0          0          0          0         68   rt_memclr.o
        78          0          0          0          0         80   rt_memclr_w.o
       138          0          0          0          0         68   rt_memcpy_v6.o
       100          0          0          0          0         80   rt_memcpy_w.o
         2          0          0          0          0          0   rtexit.o
        10          0          0          0          0          0   rtexit2.o
       128          0          0          0          0         68   strcmpv7m.o
        62          0          0          0          0         76   strlen.o
        36          0          0          0          0         80   strstr.o
        74          0          0          0          0         80   sys_stackheap_outer.o
         2          0          0          0          0         68   use_no_semi.o
         2          0          0          0          0         68   use_no_semi_2.o
        98          4          0          0          0         92   d2f.o
       826         16          0          0          0        348   daddsub_clz.o
        16          4          0          0          0         68   dcheck1.o
       688        140          0          0          0        208   ddiv.o
        94          4          0          0          0         92   dfix.o
        46          0          0          0          0         68   dflt_clz.o
       340         12          0          0          0        104   dmul.o
       156          4          0          0          0         92   dnaninf.o
        12          0          0          0          0         68   dretinf.o
       460         56          0          0          0        120   dsqrt_noumaal.o
        86          4          0          0          0         84   f2d.o
       450          8          0          0          0        236   faddsub_clz.o
        12          4          0          0          0         68   fcheck1.o
       388         76          0          0          0         96   fdiv.o
        54          4          0          0          0         84   ffix.o
        62          4          0          0          0         84   ffixu.o
        86          0          0          0          0        136   fflt_clz.o
       258          4          0          0          0         84   fmul.o
       140          4          0          0          0         84   fnaninf.o
        10          0          0          0          0         68   fretinf.o
         4          0          0          0          0         68   printf1.o
       100          0          0          0          0         68   retnan.o
        92          0          0          0          0         68   scalbn.o
        76          0          0          0          0         68   scalbnf.o
        48          0          0          0          0         68   trapv.o
         0          0          0          0          0          0   usenofp.o
       624         52         80          0          0        168   asin.o
       544         70        152          0          0        124   atan.o
       384         38          0          0          0        144   atan2.o
        38          6          0          0          0        272   dunder.o
        40          0          0          0          0         68   fpclassify.o
       170          0          0          0          0         96   poly.o
         0          0          8          0          0          0   qnan.o
        76          0          0          0          0         84   sqrt.o

    ----------------------------------------------------------------------
     13172        784        756          0        100       8444   Library Totals
        30          0          3          0          4          0   (incl. Padding)

    ----------------------------------------------------------------------

      Code (inc. data)   RO Data    RW Data    ZI Data      Debug   Library Name

      6664        270        513          0         96       4864   c_w.l
      4602        348          0          0          0       2624   fz_ws.l
      1876        166        240          0          0        956   m_ws.l

    ----------------------------------------------------------------------
     13172        784        756          0        100       8444   Library Totals

    ----------------------------------------------------------------------

==============================================================================


      Code (inc. data)   RO Data    RW Data    ZI Data      Debug   

     35642       3730      10446        592    1090496     486140   Grand Totals
     35642       3730      10446        188    1090496     486140   ELF Image Totals (compressed)
     35642       3730      10446        188          0          0   ROM Totals

==============================================================================

    Total RO  Size (Code + RO Data)                46088 (  45.01kB)
    Total RW  Size (RW Data + ZI Data)           1091088 (1065.52kB)
    Total ROM Size (Code + RO Data + RW Data)      46276 (  45.19kB)

==============================================================================

